 srdbg

 Timestamp is 53a2be51 (Thu Jun 19 18:41:21 2014)

 Preferred load address is 10000000

 Start         Length     Name                   Class
 0001:00000000 0000bb93H .text$di                CODE
 0001:0000bba0 0009a756H .text$mn                CODE
 0001:000a6300 000012b5H .text$x                 CODE
 0002:00000000 0000107bH .ehcode                 CODE
 0003:00000000 00000104H .CRT$XCA                DATA
 0003:00000104 00000118H .CRT$XCU                DATA
 0003:0000021c 00000104H .CRT$XCZ                DATA
 0003:00000320 00000104H .CRT$XIA                DATA
 0003:00000424 00000118H .CRT$XIC                DATA
 0003:0000053c 00000104H .CRT$XIZ                DATA
 0003:00000640 00000104H .CRT$XPA                DATA
 0003:00000744 00000109H .CRT$XPX                DATA
 0003:00000850 00000104H .CRT$XPXA               DATA
 0003:00000954 00000104H .CRT$XPZ                DATA
 0003:00000a58 00000104H .CRT$XTA                DATA
 0003:00000b5c 00000104H .CRT$XTZ                DATA
 0003:00000c60 0002823dH .rdata                  DATA
 0003:00028ea0 0000018bH .rdata$debug            DATA
 0003:0002902c 000009a1H .rdata$r                DATA
 0003:000299d0 00000151H .rdata$sxdata           DATA
 0003:00029b24 00000104H .rtc$IAA                DATA
 0003:00029c28 00000190H .rtc$IMZ                DATA
 0003:00029db8 00000104H .rtc$IZZ                DATA
 0003:00029ebc 00000104H .rtc$TAA                DATA
 0003:00029fc0 00000190H .rtc$TMZ                DATA
 0003:0002a150 00000104H .rtc$TZZ                DATA
 0003:0002a258 000012d4H .xdata$x                DATA
 0003:0002b530 0000017bH .edata                  DATA
 0004:00000000 0001a0dcH .data                   DATA
 0004:0001a0dc 000003fbH .data$r                 DATA
 0004:0001a4e0 00003d00H .bss                    DATA
 0005:00000000 00000544H .idata$5                DATA
 0005:00000544 000000a0H .idata$2                DATA
 0005:000005e4 00000014H .idata$3                DATA
 0005:000005f8 00000544H .idata$4                DATA
 0005:00000b3c 00001066H .idata$6                DATA
 0006:00000000 00009c2cH .pcode                  DATA
 0007:00000000 000028d6H PVM                     DATA
 0008:00000000 00000beeH .rsrc$01                DATA
 0008:00000bf0 0001ab4cH .rsrc$02                DATA

  Address         Publics by Value              Rva+Base       Lib:Object

 0000:00000000       ___guard_fids_count        00000000     <absolute>
 0000:00000000       ___guard_fids_table        00000000     <absolute>
 0000:00000000       __except_list              00000000     <absolute>
 0000:00000000       ___guard_flags             00000000     <absolute>
 0000:00000011       ___safe_se_handler_count   00000011     <absolute>
 0000:00000000       ___ImageBase               10000000     <linker-defined>
 0001:0000e180       _IsolationAwareActivateActCtx@8 1000f180 f i ApiHookForm.obj
 0001:0000e220       _IsolationAwareCreateActCtxW@4 1000f220 f i ApiHookForm.obj
 0001:0000e2c0       _IsolationAwareCreateWindowExW@48 1000f2c0 f i ApiHookForm.obj
 0001:0000e500       _IsolationAwareDeactivateActCtx@8 1000f500 f i ApiHookForm.obj
 0001:0000e5a0       _IsolationAwarePrivatenPgViNgRzlnPgpgk@4 1000f5a0 f i ApiHookForm.obj
 0001:0000e6b0       _IsolationAwarePrivatezltRgCebPnQQeRff@12 1000f6b0 f i ApiHookForm.obj
 0001:0000e860       _IsolationAwarePrivatezltRgzbQhYRuNaQYRJ@4 1000f860 f i ApiHookForm.obj
 0001:0000e890       _IsolationAwarePrivatezltRgzbQhYRuNaQYRn@4 1000f890 f i ApiHookForm.obj
 0001:0000e8c0       _WinbaseIsolationAwarePrivatetRgzlnPgpgk@0 1000f8c0 f i ApiHookForm.obj
 0001:0000eef0       ?CreateForm@MC_Disasm@@EAEPAUHWND__@@HHHHQA_WK@Z 1000fef0 f   DisasmForm.obj
 0001:0000f070       ?GetItemByIndex@MC_Disasm@@AAEPAU_DISASM_ITEM@@I@Z 10010070 f   DisasmForm.obj
 0001:0000f0a0       ?GetItemByAddress@MC_Disasm@@AAEPAU_DISASM_ITEM@@PAX@Z 100100a0 f   DisasmForm.obj
 0001:0000f150       ?GetItemIndexByAddress@MC_Disasm@@AAEIPAX@Z 10010150 f   DisasmForm.obj
 0001:0000f1d0       ?DelItemArray@MC_Disasm@@AAEXXZ 100101d0 f   DisasmForm.obj
 0001:0000f220       ?SetScrollBar@MC_Disasm@@AAEXII@Z 10010220 f   DisasmForm.obj
 0001:0000f290       ??1MC_Disasm@@QAE@XZ       10010290 f   DisasmForm.obj
 0001:0000f3c0       ?AssembleOfAddress@MC_Disasm@@QAEHPAXPAUt_asmmodel@@@Z 100103c0 f   DisasmForm.obj
 0001:0000f970       ?DisasmOfAddress@MC_Disasm@@QAEHPAEK@Z 10010970 f   DisasmForm.obj
 0001:0000fe10       ?GotoAddress@MC_Disasm@@QAEHPAEK@Z 10010e10 f   DisasmForm.obj
 0001:0000fe80       ?GetSelectLineAddress@MC_Disasm@@QAEPAXXZ 10010e80 f   DisasmForm.obj
 0001:0000fea0       ?GetAsmTextByAddress@MC_Disasm@@QAEIPAXPA_WI@Z 10010ea0 f   DisasmForm.obj
 0001:0000ffc0       ?GetOpLengthByAddress@MC_Disasm@@QAEIPAX@Z 10010fc0 f   DisasmForm.obj
 0001:00010010       ?RedrawDisasmRect@MC_Disasm@@QAEXXZ 10011010 f   DisasmForm.obj
 0001:00010100       ?HitTest@MC_Disasm@@QAEPAU_DISASM_ITEM@@GG@Z 10011100 f   DisasmForm.obj
 0001:000101f0       ?disasmWndProc@MC_Disasm@@SGJPAUHWND__@@IIJ@Z 100111f0 f   DisasmForm.obj
 0001:00011b90       _IsolationAwareDialogBoxParamW@20 10012b90 f i DisasmForm.obj
 0001:00011da0       ??1FloatDialog@@QAE@XZ     10012da0 f   FloatForm.obj
 0001:00011df0       ?GetMainhWnd@FloatDialog@@QAEPAUHWND__@@XZ 10012df0 f   FloatForm.obj
 0001:00011e10       ?SetTop@FloatDialog@@QAEHXZ 10012e10 f   FloatForm.obj
 0001:00011e50       ?DestroyForm@FloatDialog@@QAEHXZ 10012e50 f   FloatForm.obj
 0001:00011ef0       ?UpdateThreadInfo@FW_RegWnd@@AAEXXZ 10012ef0 f   FW_Register.obj
 0001:00012060       ?UpdateRegistersByHandle@FW_RegWnd@@AAEXPAX@Z 10013060 f   FW_Register.obj
 0001:00012ac0       ?UpdateRegistersById@FW_RegWnd@@AAEXK@Z 10013ac0 f   FW_Register.obj
 0001:00012b30       ?ResetRegistersText@FW_RegWnd@@AAEXXZ 10013b30 f   FW_Register.obj
 0001:00013010       ??1FW_RegWnd@@QAE@XZ       10014010 f   FW_Register.obj
 0001:00013070       ?CreateForm@FW_RegWnd@@UAEPAUHWND__@@XZ 10014070 f   FW_Register.obj
 0001:00013110       ?fw_regWnd@FW_RegWnd@@SGHPAUHWND__@@IIJ@Z 10014110 f   FW_Register.obj
 0001:00013870       _IsolationAwareCreateDialogParamW@20 10014870 f i FW_Register.obj
 0001:00013a90       ?heapInsertColumn@MC_Heap@@AAEXXZ 10014a90 f   HeapForm.obj
 0001:00013c00       ?UpdateHeapList@MC_Heap@@AAEXXZ 10014c00 f   HeapForm.obj
 0001:00013fe0       ??1MC_Heap@@QAE@XZ         10014fe0 f   HeapForm.obj
 0001:00014040       ?CreateForm@MC_Heap@@UAEPAUHWND__@@HHHHQA_WK@Z 10015040 f   HeapForm.obj
 0001:00014130       ?heapWndProc@MC_Heap@@SGJPAUHWND__@@IIJ@Z 10015130 f   HeapForm.obj
 0001:00014550       ?InitVar@MainForm@@AAEXXZ  10015550 f   MainForm.obj
 0001:00014760       ?LoadForm@MainForm@@AAEHXZ 10015760 f   MainForm.obj
 0001:000151a0       ?DestroyHandle@MainForm@@AAEHXZ 100161a0 f   MainForm.obj
 0001:00015760       ?UnloadForm@MainForm@@AAEHXZ 10016760 f   MainForm.obj
 0001:000157a0       ?MainProc@MainForm@@SGJPAUHWND__@@IIJ@Z 100167a0 f   MainForm.obj
 0001:000169b0       ?AddLog@MainForm@@QAEHQA_WW4LOGTYPE@@JP6GHIIJ@Z@Z 100179b0 f   MainForm.obj
 0001:00016ad0       ?AddObjectList@MainForm@@QAEPAU_VB_OBJECT_LIST@@PAU2@@Z 10017ad0 f   MainForm.obj
 0001:00016b70       ?AddProcListByObject@MainForm@@QAEPAU_VB_PROC_LIST@@PAU_VB_OBJECT_LIST@@PAU2@@Z 10017b70 f   MainForm.obj
 0001:00016c20       ?AddProcListByName@MainForm@@QAEPAU_VB_PROC_LIST@@PA_WPAU2@@Z 10017c20 f   MainForm.obj
 0001:00016cb0       ?GetObjectListByObject@MainForm@@QAEPAU_VB_OBJECT_LIST@@PAU_VB_OBJECT@@@Z 10017cb0 f   MainForm.obj
 0001:00016d10       ?GetObjectListByName@MainForm@@QAEPAU_VB_OBJECT_LIST@@PA_W@Z 10017d10 f   MainForm.obj
 0001:00016d90       ?GetProcListByAddress@MainForm@@QAEPAU_VB_PROC_LIST@@PA_WPAU_VB_PROC_DESC_INFO@@@Z 10017d90 f   MainForm.obj
 0001:00016e70       ?SetStateText@MainForm@@QAEHPA_WK@Z 10017e70 f   MainForm.obj
 0001:00016fa0       ?SetDbgState@MainForm@@QAEXW4SRDBG_STATE@@@Z 10017fa0 f   MainForm.obj
 0001:000170a0       ?GetDbgState@MainForm@@QAE?AW4SRDBG_STATE@@XZ 100180a0 f   MainForm.obj
 0001:000170c0       ?CreateForm@MainForm@@QAEPAUHWND__@@QA_WKPAUHINSTANCE__@@@Z 100180c0 f   MainForm.obj
 0001:00017170       ?GetMainWindow@MainForm@@QAEPAUHWND__@@XZ 10018170 f   MainForm.obj
 0001:00017190       ?Release@MainForm@@QAEXXZ  10018190 f   MainForm.obj
 0001:00017d40       ??0MC_Disasm@@QAE@PAUHWND__@@@Z 10018d40 f i MainForm.obj
 0001:00017fe0       _CommctrlIsolationAwarePrivatetRgCebPnQQeRff_pbZPgYQP_QYY@4 10018fe0 f i MainForm.obj
 0001:000181d0       _IsolationAwareImageList_Create@20 100191d0 f i MainForm.obj
 0001:00018450       _IsolationAwareImageList_Destroy@4 10019450 f i MainForm.obj
 0001:000186b0       _IsolationAwarePrivatezlybNQyVOeNelJ@4 100196b0 f i MainForm.obj
 0001:000186e0       _IsolationAwarePrivatezlybNQyVOeNeln@4 100196e0 f i MainForm.obj
 0001:00018710       _IsolationAwareRegisterClassExW@4 10019710 f i MainForm.obj
 0001:00018910       _IsolationAwareUnregisterClassW@8 10019910 f i MainForm.obj
 0001:00018b10       ?AddProc@MC_PCodeProc@@AAEXPA_WPAXH@Z 10019b10 f   PCodeForm.obj
 0001:00018bd0       ?GetProcAddrByName@MC_PCodeProc@@AAEPAXPA_W@Z 10019bd0 f   PCodeForm.obj
 0001:00018c40       ?GetProcAddrByIndex@MC_PCodeProc@@AAEPAXH@Z 10019c40 f   PCodeForm.obj
 0001:00018ca0       ?DelAllProc@MC_PCodeProc@@AAEXXZ 10019ca0 f   PCodeForm.obj
 0001:00018d10       ?InsertColumn@MC_PCodeProc@@AAEXXZ 10019d10 f   PCodeForm.obj
 0001:00018e50       ?ClearList@MC_PCodeProc@@AAEXXZ 10019e50 f   PCodeForm.obj
 0001:00018e90       ?UpdateList@MC_PCodeProc@@AAEXPAU_VB_PROC_DESC_INFO@@@Z 10019e90 f   PCodeForm.obj
 0001:000192d0       ?CreateForm@MC_PCodeProc@@EAEPAUHWND__@@HHHHQA_WK@Z 1001a2d0 f   PCodeForm.obj
 0001:000193c0       ?UpdateProc@MC_PCodeProc@@AAEXPA_W@Z 1001a3c0 f   PCodeForm.obj
 0001:000198e0       ??1MC_PCodeProc@@QAE@XZ    1001a8e0 f   PCodeForm.obj
 0001:00019940       ?ParseHeader@MC_PCodeProc@@QAEHPAU_VB_HEADER@@@Z 1001a940 f   PCodeForm.obj
 0001:00019bf0       ?pcpWndProc@MC_PCodeProc@@SGJPAUHWND__@@IIJ@Z 1001abf0 f   PCodeForm.obj
 0001:0001a780       ?scGetForeColor@@YGKK@Z    1001b780 f   Procedure.obj
 0001:0001a7e0       ?scGetBackColor@@YGKK@Z    1001b7e0 f   Procedure.obj
 0001:0001a820       ?CommonUpdatelParam@@YGXPAUHWND__@@@Z 1001b820 f   Procedure.obj
 0001:0001a900       ?CheckMessageQueue@@YGHXZ  1001b900 f   Procedure.obj
 0001:0001aa50       ?ShowCurrentFocus@@YGXPAUHWND__@@@Z 1001ba50 f   Procedure.obj
 0001:0001ac30       ?memInsertColumn@MC_Memory@@AAEXXZ 1001bc30 f   MemoryForm.obj
 0001:0001ae90       ?UpdateMemoryList@MC_Memory@@AAEXXZ 1001be90 f   MemoryForm.obj
 0001:0001b500       ??1MC_Memory@@QAE@XZ       1001c500 f   MemoryForm.obj
 0001:0001b590       ?CreateForm@MC_Memory@@UAEPAUHWND__@@HHHHQA_WK@Z 1001c590 f   MemoryForm.obj
 0001:0001b680       ?memWndProc@MC_Memory@@SGJPAUHWND__@@IIJ@Z 1001c680 f   MemoryForm.obj
 0001:0001bf60       ?mdlInsertColumn@MC_Module@@AAEXXZ 1001cf60 f   ModuleForm.obj
 0001:0001c0a0       ?sctInsertColumn@MC_Module@@AAEXXZ 1001d0a0 f   ModuleForm.obj
 0001:0001c270       ?UpdateModuleList@MC_Module@@AAEXXZ 1001d270 f   ModuleForm.obj
 0001:0001c580       ?UpdateSectionInfo@MC_Module@@AAEXPAUHINSTANCE__@@@Z 1001d580 f   ModuleForm.obj
 0001:0001caf0       ?UpdatelParam@MC_Module@@CGXPAUHWND__@@@Z 1001daf0 f   ModuleForm.obj
 0001:0001cbe0       ?mdl_CompareFunc@MC_Module@@CGHJJJ@Z 1001dbe0 f   ModuleForm.obj
 0001:0001cd70       ??1MC_Module@@QAE@XZ       1001dd70 f   ModuleForm.obj
 0001:0001cdd0       ?CreateForm@MC_Module@@UAEPAUHWND__@@HHHHQA_WK@Z 1001ddd0 f   ModuleForm.obj
 0001:0001cec0       ?GetModuleListhWnd@MC_Module@@QAEPAUHWND__@@XZ 1001dec0 f   ModuleForm.obj
 0001:0001cee0       ?mdlWndProc@MC_Module@@SGJPAUHWND__@@IIJ@Z 1001dee0 f   ModuleForm.obj
 0001:0001dba0       ?GotoAddrProc@@YGHPAUHWND__@@IIJ@Z 1001eba0 f   SubDialog.obj
 0001:0001df30       ?AsmProc@@YGHPAUHWND__@@IIJ@Z 1001ef30 f   SubDialog.obj
 0001:0001e3d0       ?AboutProc@@YGHPAUHWND__@@IIJ@Z 1001f3d0 f   SubDialog.obj
 0001:0001e680       ?TimerProc@@YGXPAUHWND__@@IIK@Z 1001f680 f   SubDialog.obj
 0001:0001e970       ?threadInsertColumn@MC_Thread@@AAEXXZ 1001f970 f   ThreadForm.obj
 0001:0001eae0       ?UpdateThreadList@MC_Thread@@AAEXXZ 1001fae0 f   ThreadForm.obj
 0001:0001f050       ??1MC_Thread@@QAE@XZ       10020050 f   ThreadForm.obj
 0001:0001f0b0       ?CreateForm@MC_Thread@@UAEPAUHWND__@@HHHHQA_WK@Z 100200b0 f   ThreadForm.obj
 0001:0001f1a0       ?threadWndProc@MC_Thread@@SGJPAUHWND__@@IIJ@Z 100201a0 f   ThreadForm.obj
 0001:0001fc70       ?ResetControl@MC_VBInfo@@AAEXXZ 10020c70 f   VbForm.obj
 0001:0001fd30       ?vbInsertColumn@MC_VBInfo@@AAEXK@Z 10020d30 f   VbForm.obj
 0001:0001ff50       ?RefreshStructList@MC_VBInfo@@AAEXXZ 10020f50 f   VbForm.obj
 0001:0001ff70       ??1MC_VBInfo@@QAE@XZ       10020f70 f   VbForm.obj
 0001:00020000       ?CreateForm@MC_VBInfo@@UAEPAUHWND__@@HHHHQA_WK@Z 10021000 f   VbForm.obj
 0001:000200f0       ?ParseHeader@MC_VBInfo@@QAEXPAU_VB_HEADER@@@Z 100210f0 f   VbForm.obj
 0001:000214c0       ?ParseModule@MC_VBInfo@@QAEXPAX@Z 100224c0 f   VbForm.obj
 0001:00021650       ?vbWndProc@MC_VBInfo@@SGJPAUHWND__@@IIJ@Z 10022650 f   VbForm.obj
 0001:000226e0       ?AddClassTable@@YGHPAUHWND__@@PAX@Z 100236e0 f   wndcls.obj
 0001:00022770       ?GetClassPointer@@YGPAXPAUHWND__@@@Z 10023770 f   wndcls.obj
 0001:000227b0       ?DelClassTable@@YGHPAUHWND__@@@Z 100237b0 f   wndcls.obj
 0001:000228b0       ??1MDIForm@@QAE@XZ         100238b0 f   wndcls.obj
 0001:00022900       ?GetMainhWnd@MDIForm@@QAEPAUHWND__@@XZ 10023900 f   wndcls.obj
 0001:00022920       ?SetTop@MDIForm@@QAEHXZ    10023920 f   wndcls.obj
 0001:00022960       ?DestroyForm@MDIForm@@QAEHXZ 10023960 f   wndcls.obj
 0001:000229c0       ?DrawCasmW@@YGHPAUHDC__@@PA_WIJPAUtagRECT@@I@Z 100239c0 f   wndcls.obj
 0001:00022c10       ?QueryForeColor@@YGKF@Z    10023c10 f   wndcls.obj
 0001:00022d80       ?QueryBackColor@@YGKF@Z    10023d80 f   wndcls.obj
 0001:000230f0       _DllMain@12                100240f0 f   dllmain.obj
 0001:00023240       _IsolationAwareInitCommonControls@0 10024240 f i dllmain.obj
 0001:00023400       ?StepInlineHook@@YGIPAUHINSTANCE__@@@Z 10024400 f   EntryFunc.obj
 0001:00023650       ?DllEntry@@YGHPAXK0@Z      10024650 f   EntryFunc.obj
 0001:00023750       ?GetFuncAddr@@YGHHQAD@Z    10024750 f   g_func.obj
 0001:000237f0       ?BuildTable64@@YGXXZ       100247f0 f   g_func.obj
 0001:00023a50       ?CRC_64@@YGHPBEKPAT_CRC64@@@Z 10024a50 f   g_func.obj
 0001:00023b80       ?TestFunc@@YGXK@Z          10024b80 f   g_func.obj
 0001:00023ba0       ?ImageList_Add32bpp@@YGHPAU_IMAGELIST@@PAUHINSTANCE__@@II@Z 10024ba0 f   g_func.obj
 0001:00023c20       ?HitModule@@YGHPAXPAI1@Z   10024c20 f   g_func.obj
 0001:00023d10       ?GetModuleBaseAddr@@YGHPAX@Z 10024d10 f   g_func.obj
 0001:00023dc0       ?GetThreadDescriptor@@YGHPAXKPAK1PAH@Z 10024dc0 f   g_func.obj
 0001:00023ec0       ?GetModuleSize@@YGIPAUHINSTANCE__@@H@Z 10024ec0 f   g_func.obj
 0001:00024080       ?GetModuleEntry@@YGIPAUHINSTANCE__@@@Z 10025080 f   g_func.obj
 0001:000241a0       ?GetSectionBaseAddr@@YGHHPAK0@Z 100251a0 f   g_func.obj
 0001:00024410       ?GetFileName@@YGXPA_W@Z    10025410 f   g_func.obj
 0001:00024560       ?GetSectionName@@YGXPAUHINSTANCE__@@PAXPAD@Z 10025560 f   g_func.obj
 0001:000246f0       ?GetPageProtectString@@YGXKPA_WK@Z 100256f0 f   g_func.obj
 0001:000248e0       ?GetThreadInformation@@YGKPAXW4_THREADINFOCLASS@@0K@Z 100258e0 f   g_func.obj
 0001:000249c0       ?GetThreadStartAddress@@YGKPAX@Z 100259c0 f   g_func.obj
 0001:00024a50       ?GetThreadEnvironmentBlockAddress@@YGPAXPAX@Z 10025a50 f   g_func.obj
 0001:00024ae0       ?GetThreadState@@YG?AW4SRDBG_TS@@KK@Z 10025ae0 f   g_func.obj
 0001:00024d90       ?FindMemory@@YGIPAEIPAU_CMP_BYTE@@IH@Z 10025d90 f   g_func.obj
 0001:00024e10       ?casmlen@@YGIPA_WI@Z       10025e10 f   g_func.obj
 0001:00024ec0       ?casmcpy@@YGXPA_W0I@Z      10025ec0 f   g_func.obj
 0001:00024fc0       ?casmcpy_a@@YGXPAPA_WPA_WI@Z 10025fc0 f   g_func.obj
 0001:00025110       ?WCharTrim@@YGHPA_W@Z      10026110 f   g_func.obj
 0001:00025240       ?WCharIsHex@@YGHPA_W@Z     10026240 f   g_func.obj
 0001:00025310       ?GetVbHeaderByModule@@YGPAU_VB_HEADER@@PAUHINSTANCE__@@@Z 10026310 f   g_func.obj
 0001:000253b0       ?GetSectionBaseAddr@@YGPAU_IMAGE_SECTION_HEADER@@PAUHINSTANCE__@@@Z 100263b0 f   g_func.obj
 0001:00025420       ?GetSectionNumber@@YGGPAUHINSTANCE__@@@Z 10026420 f   g_func.obj
 0001:00025480       ?GetSectionAddrByName@@YGPAXPAUHINSTANCE__@@PADPAK@Z 10026480 f   g_func.obj
 0001:00025580       ?MemMem@@YGPAXPAEK0K@Z     10026580 f   g_func.obj
 0001:00025da0       ?TestExpect@@YGKK@Z        10026da0 f i g_func.obj
 0001:00025de0       _IsolationAwareImageList_Add@12 10026de0 f i g_func.obj
 0001:00026040       ?PlayMIDI@@YG_NPAEI@Z      10027040 f   midi.obj
 0001:00026300       ?StopMIDI@@YGXXZ           10027300 f   midi.obj
 0001:00026530       ?TryModifyMemory@MemoryManager@@QAEHPAE0I@Z 10027530 f   mmer.obj
 0001:000265c0       ?GetOriginalMemory@MemoryManager@@QAEIPAE0I@Z 100275c0 f   mmer.obj
 0001:00026670       ?pcd_initdeobj@@YGHPAU_PCODE_DECODE_OBJECT@@PA_WIPAEIIIPAU_VB_PROC_DESC_INFO@@@Z 10027670 f   pcode.obj
 0001:00026780       ?pcd_decode@@YGHPAU_PCODE_DECODE_OBJECT@@I@Z 10027780 f   pcode.obj
 0001:00026af0       ?pcd_disassemble@@YGHPAU_PCODE_DECODE_OBJECT@@PAH@Z 10027af0 f   pcode.obj
 0001:00026e00       ?GetProcName@@YGHIIPAPAD0@Z 10027e00 f   pcode.obj
 0001:00027600       ?pcd_printarg@@YGHPAU_PCODE_DECODE_OBJECT@@PAJJ@Z 10028600 f   pcode.obj
 0001:000282a0       ?LaunchDebugger@@YGHK@Z    100292a0 f   SoftRazor.obj
 0001:00028310       ?DbgWndThread@@YGIPAX@Z    10029310 f   SoftRazor.obj
 0001:000284e0       ?TerminateDebugger@@YGHH@Z 100294e0 f   SoftRazor.obj
 0001:000285f0       ?GetInstance@MainForm@@SGPAV1@PAUHINSTANCE__@@@Z 100295f0 f i SoftRazor.obj
 0001:00028710       ?GetMemberNameByIndex@@YGHU_GUID@@KPA_WKPAK@Z 10029710 f   tlibfunc.obj
 0001:00028b90       ?GetEventNameByIndex@@YGHU_GUID@@KPA_WKPAK@Z 10029b90 f   tlibfunc.obj
 0001:000292a0       ?GetEventNameByMemberID@@YGHU_GUID@@KPA_WK@Z 1002a2a0 f   tlibfunc.obj
 0001:00029890       ?GetPropertyText@@YGHU_GUID@@GPA_WK1K@Z 1002a890 f   tlibfunc.obj
 0001:0002a0a0       ?fdswap@@YGXPAPAUtagFUNCDESC@@0@Z 1002b0a0 f   tlibfunc.obj
 0001:0002a0d0       ?fdsort@@YGXPAPAUtagFUNCDESC@@I@Z 1002b0d0 f   tlibfunc.obj
 0001:0002cc60       _ud_decode@4               1002dc60 f   decode.obj
 0001:0002d730       _ud_translate_att@4        1002e730 f   syn-att.obj
 0001:0002e250       _ud_translate_intel@4      1002f250 f   syn-intel.obj
 0001:0002f2d0       _ud_syn_rel_target@8       100302d0 f   syn.obj
 0001:0002f3a0       _ud_asmprintf              100303a0 f   syn.obj
 0001:0002f460       _wprintfcat                10030460 f   syn.obj
 0001:0002f510       _ud_casmprint@16           10030510 f   syn.obj
 0001:0002f6a0       _ud_syn_print_addr@20      100306a0 f   syn.obj
 0001:0002f7c0       _ud_syn_print_imm@16       100307c0 f   syn.obj
 0001:0002f950       _ud_syn_print_mem_disp@20  10030950 f   syn.obj
 0001:0002fce0       _ud_init@4                 10030ce0 f   udis86.obj
 0001:0002fd50       _ud_set_mode@8             10030d50 f   udis86.obj
 0001:0002fda0       _ud_set_pc@12              10030da0 f   udis86.obj
 0001:0002fdc0       _ud_set_input_hook@8       10030dc0 f   udis86.obj
 0001:0002fde0       _ud_set_input_buffer@12    10030de0 f   udis86.obj
 0001:0002fe20       _ud_set_vendor@8           10030e20 f   udis86.obj
 0001:0002fe70       _ud_set_syntax@8           10030e70 f   udis86.obj
 0001:0002fe80       _ud_input_skip@8           10030e80 f   udis86.obj
 0001:0002ff50       _ud_input_end@4            10030f50 f   udis86.obj
 0001:0002ff60       _ud_get_count@4            10030f60 f   udis86.obj
 0001:0002ffd0       _ud_disassemble@4          10030fd0 f   udis86.obj
 0001:000300a0       _ud_insn_asm@4             100310a0 f   udis86.obj
 0001:000300b0       _ud_insn_casm@4            100310b0 f   udis86.obj
 0001:000300c0       _ud_insn_ptr@4             100310c0 f   udis86.obj
 0001:00030100       _ud_insn_off@4             10031100 f   udis86.obj
 0001:00030110       _ud_insn_hex@4             10031110 f   udis86.obj
 0001:000301d0       _ud_insn_len@4             100311d0 f   udis86.obj
 0001:000301e0       _ud_insn_opr@8             100311e0 f   udis86.obj
 0001:00030220       _ud_opr_is_sreg@4          10031220 f   udis86.obj
 0001:00030270       _ud_opr_is_gpr@4           10031270 f   udis86.obj
 0001:000302c0       _ud_insn_mnemonic@4        100312c0 f   udis86.obj
 0001:000302d0       _ud_lookup_mnemonic@4      100312d0 f   udis86.obj
 0001:000302f0       _ud_set_user_opaque_data@8 100312f0 f   udis86.obj
 0001:00030310       _ud_get_user_opaque_data@4 10031310 f   udis86.obj
 0001:00030320       _ud_set_asm_buffer@12      10031320 f   udis86.obj
 0001:00030370       _ud_enable_casm@8          10031370 f   udis86.obj
 0001:000303d0       _ud_set_casm_buffer@12     100313d0 f   udis86.obj
 0001:00030430       _ud_set_sym_resolver@8     10031430 f   udis86.obj
 0001:00030688       _memset                    10031688 f   ntdll:ntdll.dll
 0001:0003068e       _wcslen                    1003168e f   ntdll:ntdll.dll
 0001:00030694       __wcsicmp                  10031694 f   ntdll:ntdll.dll
 0001:0003069a       _memcpy                    1003169a f   ntdll:ntdll.dll
 0001:000306a0       _memmove                   100316a0 f   ntdll:ntdll.dll
 0001:000306a6       _wcscmp                    100316a6 f   ntdll:ntdll.dll
 0001:000306ac       _strlen                    100316ac f   ntdll:ntdll.dll
 0001:000306b2       _memcmp                    100316b2 f   ntdll:ntdll.dll
 0001:000306b8       _strcmp                    100316b8 f   ntdll:ntdll.dll
 0001:000306be       __allshl                   100316be f   ntdll:ntdll.dll
 0001:000306c4       __aullshr                  100316c4 f   ntdll:ntdll.dll
 0001:000306d0       ??0HeapMemoryManager@@QAE@KK@Z 100316d0 f   hmm32:HeapMemoryManager.obj
 0001:00030700       ??1HeapMemoryManager@@QAE@XZ 10031700 f   hmm32:HeapMemoryManager.obj
 0001:00030710       ?IsLowFragmentationHeap@HeapMemoryManager@@QAGHXZ 10031710 f   hmm32:HeapMemoryManager.obj
 0001:00030730       ?hcalloc@HeapMemoryManager@@QAGPAXK@Z 10031730 f   hmm32:HeapMemoryManager.obj
 0001:00030780       ?hcalloc@HeapMemoryManager@@QAGPAXKK@Z 10031780 f   hmm32:HeapMemoryManager.obj
 0001:000307e0       ?hcompact@HeapMemoryManager@@QAGKXZ 100317e0 f   hmm32:HeapMemoryManager.obj
 0001:00030800       ?hdestroy@HeapMemoryManager@@QAGHXZ 10031800 f   hmm32:HeapMemoryManager.obj
 0001:00030830       ?hfree@HeapMemoryManager@@QAGHPAX@Z 10031830 f   hmm32:HeapMemoryManager.obj
 0001:00030860       ?hgeterrorcode@HeapMemoryManager@@QAGKXZ 10031860 f   hmm32:HeapMemoryManager.obj
 0001:00030870       ?hmalloc@HeapMemoryManager@@QAGPAXK@Z 10031870 f   hmm32:HeapMemoryManager.obj
 0001:000308c0       ?hrealloc@HeapMemoryManager@@QAGPAXPAXK@Z 100318c0 f   hmm32:HeapMemoryManager.obj
 0001:00030920       ?hrecalloc@HeapMemoryManager@@QAGPAXPAXK@Z 10031920 f   hmm32:HeapMemoryManager.obj
 0001:00030980       ?hrecalloc@HeapMemoryManager@@QAGPAXPAXKK@Z 10031980 f   hmm32:HeapMemoryManager.obj
 0001:000309e0       ?hreset@HeapMemoryManager@@QAGHKK@Z 100319e0 f   hmm32:HeapMemoryManager.obj
 0001:00030a80       _Assemble@24               10031a80 f   odasm:assembl.obj
 0001:00034ad0       _powl                      10035ad0 f i odasm:assembl.obj
 0001:00034b00       _Isfilling@16              10035b00 f   odasm:asmserv.obj
 0001:00034c5a       _SendMessageW@16           10035c5a f   user32:USER32.dll
 0001:00034c60       _CreateWindowExW@48        10035c60 f   user32:USER32.dll
 0001:00034c66       _DestroyWindow@4           10035c66 f   user32:USER32.dll
 0001:00034c6c       _MoveWindow@24             10035c6c f   user32:USER32.dll
 0001:00034c72       _EnableWindow@8            10035c72 f   user32:USER32.dll
 0001:00034c78       _DrawTextW@20              10035c78 f   user32:USER32.dll
 0001:00034c7e       _UpdateWindow@4            10035c7e f   user32:USER32.dll
 0001:00034c84       _BeginPaint@8              10035c84 f   user32:USER32.dll
 0001:00034c8a       _EndPaint@8                10035c8a f   user32:USER32.dll
 0001:00034c90       _InvalidateRect@12         10035c90 f   user32:USER32.dll
 0001:00034c96       _SetWindowTextW@8          10035c96 f   user32:USER32.dll
 0001:00034c9c       _GetWindowTextW@12         10035c9c f   user32:USER32.dll
 0001:00034ca2       _GetClientRect@8           10035ca2 f   user32:USER32.dll
 0001:00034ca8       _FillRect@12               10035ca8 f   user32:USER32.dll
 0001:00034cae       _FrameRect@12              10035cae f   user32:USER32.dll
 0001:00034cb4       _DefMDIChildProcW@16       10035cb4 f   user32:USER32.dll
 0001:00034cba       _DrawEdge@16               10035cba f   user32:USER32.dll
 0001:00034cc0       _DialogBoxParamW@20        10035cc0 f   user32:USER32.dll
 0001:00034cc6       _SetFocus@4                10035cc6 f   user32:USER32.dll
 0001:00034ccc       _GetKeyState@4             10035ccc f   user32:USER32.dll
 0001:00034cd2       _SetScrollPos@16           10035cd2 f   user32:USER32.dll
 0001:00034cd8       _GetScrollInfo@12          10035cd8 f   user32:USER32.dll
 0001:00034cde       _SetWindowPos@28           10035cde f   user32:USER32.dll
 0001:00034ce4       _ShowWindow@8              10035ce4 f   user32:USER32.dll
 0001:00034cea       _CreateDialogParamW@20     10035cea f   user32:USER32.dll
 0001:00034cf0       _SendDlgItemMessageW@20    10035cf0 f   user32:USER32.dll
 0001:00034cf6       _PostQuitMessage@4         10035cf6 f   user32:USER32.dll
 0001:00034cfc       _UnregisterClassW@8        10035cfc f   user32:USER32.dll
 0001:00034d02       _RegisterClassExW@4        10035d02 f   user32:USER32.dll
 0001:00034d08       _LoadMenuW@8               10035d08 f   user32:USER32.dll
 0001:00034d0e       _DestroyMenu@4             10035d0e f   user32:USER32.dll
 0001:00034d14       _LoadCursorW@8             10035d14 f   user32:USER32.dll
 0001:00034d1a       _DestroyIcon@4             10035d1a f   user32:USER32.dll
 0001:00034d20       _LoadImageW@24             10035d20 f   user32:USER32.dll
 0001:00034d26       _DefFrameProcW@20          10035d26 f   user32:USER32.dll
 0001:00034d2c       _MessageBeep@4             10035d2c f   user32:USER32.dll
 0001:00034d32       _GetWindowLongW@8          10035d32 f   user32:USER32.dll
 0001:00034d38       _SetWindowLongW@12         10035d38 f   user32:USER32.dll
 0001:00034d3e       _TranslateMessage@4        10035d3e f   user32:USER32.dll
 0001:00034d44       _DispatchMessageW@4        10035d44 f   user32:USER32.dll
 0001:00034d4a       _PeekMessageW@20           10035d4a f   user32:USER32.dll
 0001:00034d50       _SendMessageA@16           10035d50 f   user32:USER32.dll
 0001:00034d56       _CheckMenuItem@12          10035d56 f   user32:USER32.dll
 0001:00034d5c       _GetSubMenu@8              10035d5c f   user32:USER32.dll
 0001:00034d62       _TrackPopupMenu@28         10035d62 f   user32:USER32.dll
 0001:00034d68       _GetCursorPos@4            10035d68 f   user32:USER32.dll
 0001:00034d6e       _EndDialog@8               10035d6e f   user32:USER32.dll
 0001:00034d74       _GetDlgItem@8              10035d74 f   user32:USER32.dll
 0001:00034d7a       _KillTimer@8               10035d7a f   user32:USER32.dll
 0001:00034d80       _SetWindowTextA@8          10035d80 f   user32:USER32.dll
 0001:00034d86       _GetWindowTextLengthW@4    10035d86 f   user32:USER32.dll
 0001:00034d8c       _GetWindowRect@8           10035d8c f   user32:USER32.dll
 0001:00034d92       _MessageBoxW@16            10035d92 f   user32:USER32.dll
 0001:00034d98       _GetMessageW@16            10035d98 f   user32:USER32.dll
 0001:00034d9e       _GetStockObject@4          10035d9e f   gdi32:GDI32.dll
 0001:00034da4       _SelectObject@8            10035da4 f   gdi32:GDI32.dll
 0001:00034daa       _SetBkMode@8               10035daa f   gdi32:GDI32.dll
 0001:00034db0       _TextOutW@20               10035db0 f   gdi32:GDI32.dll
 0001:00034db6       _SetTextColor@8            10035db6 f   gdi32:GDI32.dll
 0001:00034dbc       _CreateFontW@56            10035dbc f   gdi32:GDI32.dll
 0001:00034dc2       _DeleteObject@4            10035dc2 f   gdi32:GDI32.dll
 0001:00034dc8       _GetBkColor@4              10035dc8 f   gdi32:GDI32.dll
 0001:00034dce       _GetTextColor@4            10035dce f   gdi32:GDI32.dll
 0001:00034dd4       _GetTextExtentPointW@16    10035dd4 f   gdi32:GDI32.dll
 0001:00034dda       _SetBkColor@8              10035dda f   gdi32:GDI32.dll
 0001:00034de0       _GetMappedFileNameW@16     10035de0 f   Psapi:PSAPI.DLL
 0001:00034de6       _ShellExecuteW@24          10035de6 f   shell32:SHELL32.dll
 0001:00034dec       _CoInitialize@4            10035dec f   ole32:ole32.dll
 0001:00034df2       _CoUninitialize@0          10035df2 f   ole32:ole32.dll
 0001:00034df8       _CoCreateInstance@20       10035df8 f   ole32:ole32.dll
 0001:00034dfe       _SysFreeString@4           10035dfe f   oleaut32:OLEAUT32.dll
 0001:00034e04       _LoadTypeLib@8             10035e04 f   oleaut32:OLEAUT32.dll
 0001:00034e0a       _LoadRegTypeLib@20         10035e0a f   oleaut32:OLEAUT32.dll
 0001:00034e10       _QueryPathOfRegTypeLib@20  10035e10 f   oleaut32:OLEAUT32.dll
 0001:00034e20       ___raise_securityfailure   10035e20 f   LIBCMTD:gs_report.obj
 0001:00034e70       ___report_gsfailure        10035e70 f   LIBCMTD:gs_report.obj
 0001:00034f80       ___report_rangecheckfailure 10035f80 f   LIBCMTD:gs_report.obj
 0001:00034f90       ___report_securityfailure  10035f90 f   LIBCMTD:gs_report.obj
 0001:00035070       ___report_securityfailureEx 10036070 f   LIBCMTD:gs_report.obj
 0001:000351a0       _memcpy_s                  100361a0 f   LIBCMTD:memcpy_s.obj
 0001:00035370       _wcscpy_s                  10036370 f   LIBCMTD:wcscpy_s.obj
 0001:00035680       ??0_LocaleUpdate@@QAE@PAUlocaleinfo_struct@@@Z 10036680 f i LIBCMTD:mbstowcs.obj
 0001:00035760       ??1_LocaleUpdate@@QAE@XZ   10036760 f i LIBCMTD:mbstowcs.obj
 0001:00035790       ?GetLocaleT@_LocaleUpdate@@QAEPAUlocaleinfo_struct@@XZ 10036790 f i LIBCMTD:mbstowcs.obj
 0001:000357a0       __mbstowcs_l               100367a0 f   LIBCMTD:mbstowcs.obj
 0001:000357c0       __mbstowcs_l_helper        100367c0 f   LIBCMTD:mbstowcs.obj
 0001:00035b50       __mbstowcs_s_l             10036b50 f   LIBCMTD:mbstowcs.obj
 0001:00035f10       _mbstowcs                  10036f10 f   LIBCMTD:mbstowcs.obj
 0001:00035f60       _mbstowcs_s                10036f60 f   LIBCMTD:mbstowcs.obj
 0001:00035f90       _malloc                    10036f90 f   LIBCMTD:dbgmalloc.obj
 0001:00035fc0       ___swprintf_l              10036fc0 f   LIBCMTD:swprintf.obj
 0001:00035ff0       __scwprintf                10036ff0 f   LIBCMTD:swprintf.obj
 0001:00036010       __scwprintf_l              10037010 f   LIBCMTD:swprintf.obj
 0001:00036040       __scwprintf_p              10037040 f   LIBCMTD:swprintf.obj
 0001:00036060       __scwprintf_p_l            10037060 f   LIBCMTD:swprintf.obj
 0001:00036090       __snwprintf_s              10037090 f   LIBCMTD:swprintf.obj
 0001:000360c0       __snwprintf_s_l            100370c0 f   LIBCMTD:swprintf.obj
 0001:000360f0       __swprintf                 100370f0 f   LIBCMTD:swprintf.obj
 0001:00036310       __swprintf_p               10037310 f   LIBCMTD:swprintf.obj
 0001:00036340       __swprintf_p_l             10037340 f   LIBCMTD:swprintf.obj
 0001:00036370       __swprintf_s_l             10037370 f   LIBCMTD:swprintf.obj
 0001:000363a0       _swprintf_s                100373a0 f   LIBCMTD:swprintf.obj
 0001:000363d0       @_RTC_AllocaHelper@12      100373d0 f   LIBCMTD:stack.obj
 0001:00036410       @_RTC_CheckStackVars2@12   10037410 f   LIBCMTD:stack.obj
 0001:000364f0       @_RTC_CheckStackVars@8     100374f0 f   LIBCMTD:stack.obj
 0001:00036550       __RTC_CheckEsp             10037550 f   LIBCMTD:stack.obj
 0001:00036580       @__security_check_cookie@4 10037580 f   LIBCMTD:secchk.obj
 0001:00036590       __RTC_InitBase             10037590 f   LIBCMTD:init.obj
 0001:000365c0       __RTC_Shutdown             100375c0 f   LIBCMTD:init.obj
 0001:00036640       __except_handler4          10037640 f   LIBCMTD:chandler4.obj
 0001:00036800       ??0type_info@@AAE@ABV0@@Z  10037800 f   LIBCMTD:typinfo.obj
 0001:00036820       ??1type_info@@UAE@XZ       10037820 f   LIBCMTD:typinfo.obj
 0001:00036840       ??4type_info@@AAEAAV0@ABV0@@Z 10037840 f   LIBCMTD:typinfo.obj
 0001:00036850       ??8type_info@@QBE_NABV0@@Z 10037850 f   LIBCMTD:typinfo.obj
 0001:00036890       ??9type_info@@QBE_NABV0@@Z 10037890 f   LIBCMTD:typinfo.obj
 0001:000368d0       ??_Etype_info@@UAEPAXI@Z   100378d0 f i LIBCMTD:typinfo.obj
 0001:000368d0       ??_Gtype_info@@UAEPAXI@Z   100378d0 f i LIBCMTD:typinfo.obj
 0001:00036900       ?_name_internal_method@type_info@@QBEPBDPAU__type_info_node@@@Z 10037900 f   LIBCMTD:typinfo.obj
 0001:00036920       ?_type_info_dtor_internal_method@type_info@@QAEXXZ 10037920 f   LIBCMTD:typinfo.obj
 0001:00036940       ?before@type_info@@QBE_NABV1@@Z 10037940 f   LIBCMTD:typinfo.obj
 0001:00036980       ?name@type_info@@QBEPBDPAU__type_info_node@@@Z 10037980 f   LIBCMTD:typinfo.obj
 0001:000369a0       ?raw_name@type_info@@QBEPBDXZ 100379a0 f   LIBCMTD:typinfo.obj
 0001:000369c0       __get_purecall_handler     100379c0 f   LIBCMTD:purevirt.obj
 0001:000369e0       __purecall                 100379e0 f   LIBCMTD:purevirt.obj
 0001:00036a20       __set_purecall_handler     10037a20 f   LIBCMTD:purevirt.obj
 0001:00036a50       ??0bad_alloc@std@@QAE@ABV01@@Z 10037a50 f i LIBCMTD:new.obj
 0001:00036a80       ??0bad_alloc@std@@QAE@XZ   10037a80 f i LIBCMTD:new.obj
 0001:00036ab0       ??1bad_alloc@std@@UAE@XZ   10037ab0 f i LIBCMTD:new.obj
 0001:00036ad0       ??2@YAPAXI@Z               10037ad0 f   LIBCMTD:new.obj
 0001:00036b20       ??_Gbad_alloc@std@@UAEPAXI@Z 10037b20 f i LIBCMTD:new.obj
 0001:00036b20       ??_Ebad_alloc@std@@UAEPAXI@Z 10037b20 f i LIBCMTD:new.obj
 0001:00036b50       ??3@YAXPAX@Z               10037b50 f   LIBCMTD:dbgdel.obj
 0001:00036c40       _wcscat_s                  10037c40 f   LIBCMTD:wcscat_s.obj
 0001:00037050       _free                      10038050 f   LIBCMTD:dbgfree.obj
 0001:00037170       ?_CallCatchBlock2@@YAPAXPAUEHRegistrationNode@@PBU_s_FuncInfo@@PAXHK@Z 10038170 f   LIBCMTD:_trnsctrl_.obj
 0001:000371e0       ?_CallMemberFunction0@@YGXPAX0@Z 100381e0 f   LIBCMTD:_trnsctrl_.obj
 0001:000371f0       ?_CallMemberFunction1@@YGXPAX00@Z 100381f0 f   LIBCMTD:_trnsctrl_.obj
 0001:00037200       ?_CallMemberFunction2@@YGXPAX00H@Z 10038200 f   LIBCMTD:_trnsctrl_.obj
 0001:00037210       ?_CallSETranslator@@YAHPAUEHExceptionRecord@@PAUEHRegistrationNode@@PAX2PBU_s_FuncInfo@@H1@Z 10038210 f   LIBCMTD:_trnsctrl_.obj
 0001:00037300       ?_GetRangeOfTrysToCheck@@YAPBU_s_TryBlockMapEntry@@PBU_s_FuncInfo@@HHPAI1@Z 10038300 f   LIBCMTD:_trnsctrl_.obj
 0001:00037390       ?_JumpToContinuation@@YGXPAXPAUEHRegistrationNode@@@Z 10038390 f   LIBCMTD:_trnsctrl_.obj
 0001:000373d0       ?_UnwindNestedFrames@@YGXPAUEHRegistrationNode@@PAUEHExceptionRecord@@@Z 100383d0 f   LIBCMTD:_trnsctrl_.obj
 0001:00037430       __CreateFrameInfo          10038430 f   LIBCMTD:_trnsctrl_.obj
 0001:00037460       __FindAndUnlinkFrame       10038460 f   LIBCMTD:_trnsctrl_.obj
 0001:000374c0       __IsExceptionObjectToBeDestroyed 100384c0 f   LIBCMTD:_trnsctrl_.obj
 0001:000374f0       ___CxxFrameHandler         100384f0 f   LIBCMTD:_trnsctrl_.obj
 0001:00037530       ___CxxFrameHandler2        10038530 f   LIBCMTD:_trnsctrl_.obj
 0001:00037570       ___CxxFrameHandler3        10038570 f   LIBCMTD:_trnsctrl_.obj
 0001:000375b0       ___CxxLongjmpUnwind@4      100385b0 f   LIBCMTD:_trnsctrl_.obj
 0001:000375e0       _calloc                    100385e0 f   LIBCMTD:dbgcalloc.obj
 0001:00037610       __swscanf_l                10038610 f   LIBCMTD:swscanf.obj
 0001:00037640       __swscanf_s_l              10038640 f   LIBCMTD:swscanf.obj
 0001:00037670       _swscanf                   10038670 f   LIBCMTD:swscanf.obj
 0001:000376a0       _swscanf_s                 100386a0 f   LIBCMTD:swscanf.obj
 0001:00037860       _vswscanf                  10038860 f   LIBCMTD:swscanf.obj
 0001:00037880       _vswscanf_s                10038880 f   LIBCMTD:swscanf.obj
 0001:00037d30       __CrtCheckMemory           10038d30 f   LIBCMTD:dbgheap.obj
 0001:00038190       __CrtDoForAllClientObjects 10039190 f   LIBCMTD:dbgheap.obj
 0001:000382c0       __CrtDumpMemoryLeaks       100392c0 f   LIBCMTD:dbgheap.obj
 0001:00038360       __CrtGetAllocHook          10039360 f   LIBCMTD:dbgheap.obj
 0001:00038370       __CrtGetCheckCount         10039370 f   LIBCMTD:dbgheap.obj
 0001:00038380       __CrtGetDumpClient         10039380 f   LIBCMTD:dbgheap.obj
 0001:00038390       __CrtIsMemoryBlock         10039390 f   LIBCMTD:dbgheap.obj
 0001:00038500       __CrtIsValidHeapPointer    10039500 f   LIBCMTD:dbgheap.obj
 0001:00038540       __CrtIsValidPointer        10039540 f   LIBCMTD:dbgheap.obj
 0001:00038570       __CrtMemCheckpoint         10039570 f   LIBCMTD:dbgheap.obj
 0001:000387a0       __CrtMemDifference         100397a0 f   LIBCMTD:dbgheap.obj
 0001:00038a00       __CrtMemDumpAllObjectsSince 10039a00 f   LIBCMTD:dbgheap.obj
 0001:00038a40       __CrtMemDumpStatistics     10039a40 f   LIBCMTD:dbgheap.obj
 0001:00038b60       __CrtReportBlockType       10039b60 f   LIBCMTD:dbgheap.obj
 0001:00038b90       __CrtSetAllocHook          10039b90 f   LIBCMTD:dbgheap.obj
 0001:00038bb0       __CrtSetBreakAlloc         10039bb0 f   LIBCMTD:dbgheap.obj
 0001:00038bd0       __CrtSetCheckCount         10039bd0 f   LIBCMTD:dbgheap.obj
 0001:00038bf0       __CrtSetDbgBlockType       10039bf0 f   LIBCMTD:dbgheap.obj
 0001:00038ce0       __CrtSetDbgFlag            10039ce0 f   LIBCMTD:dbgheap.obj
 0001:00038e30       __CrtSetDebugFillThreshold 10039e30 f   LIBCMTD:dbgheap.obj
 0001:00038e50       __CrtSetDumpClient         10039e50 f   LIBCMTD:dbgheap.obj
 0001:00038e70       __aligned_free             10039e70 f   LIBCMTD:dbgheap.obj
 0001:00038e90       __aligned_free_dbg         10039e90 f   LIBCMTD:dbgheap.obj
 0001:00038f40       __aligned_malloc           10039f40 f   LIBCMTD:dbgheap.obj
 0001:00038f60       __aligned_malloc_dbg       10039f60 f   LIBCMTD:dbgheap.obj
 0001:00038f80       __aligned_msize            10039f80 f   LIBCMTD:dbgheap.obj
 0001:00038fa0       __aligned_msize_dbg        10039fa0 f   LIBCMTD:dbgheap.obj
 0001:000390c0       __aligned_offset_malloc    1003a0c0 f   LIBCMTD:dbgheap.obj
 0001:000390e0       __aligned_offset_malloc_dbg 1003a0e0 f   LIBCMTD:dbgheap.obj
 0001:000392c0       __aligned_offset_realloc   1003a2c0 f   LIBCMTD:dbgheap.obj
 0001:000392f0       __aligned_offset_realloc_dbg 1003a2f0 f   LIBCMTD:dbgheap.obj
 0001:00039600       __aligned_offset_recalloc  1003a600 f   LIBCMTD:dbgheap.obj
 0001:00039630       __aligned_offset_recalloc_dbg 1003a630 f   LIBCMTD:dbgheap.obj
 0001:000396f0       __aligned_realloc          1003a6f0 f   LIBCMTD:dbgheap.obj
 0001:00039710       __aligned_realloc_dbg      1003a710 f   LIBCMTD:dbgheap.obj
 0001:00039740       __aligned_recalloc         1003a740 f   LIBCMTD:dbgheap.obj
 0001:00039770       __aligned_recalloc_dbg     1003a770 f   LIBCMTD:dbgheap.obj
 0001:000397a0       __calloc_dbg               1003a7a0 f   LIBCMTD:dbgheap.obj
 0001:00039800       __calloc_dbg_impl          1003a800 f   LIBCMTD:dbgheap.obj
 0001:00039880       __expand                   1003a880 f   LIBCMTD:dbgheap.obj
 0001:000398b0       __expand_dbg               1003a8b0 f   LIBCMTD:dbgheap.obj
 0001:000399e0       __free_dbg                 1003a9e0 f   LIBCMTD:dbgheap.obj
 0001:00039a60       __free_dbg_nolock          1003aa60 f   LIBCMTD:dbgheap.obj
 0001:00039f60       __free_nolock              1003af60 f   LIBCMTD:dbgheap.obj
 0001:00039f80       __heap_alloc               1003af80 f   LIBCMTD:dbgheap.obj
 0001:00039fa0       __heap_alloc_dbg           1003afa0 f   LIBCMTD:dbgheap.obj
 0001:0003a3c0       __invoke_watson_if_oneof   1003b3c0 f i LIBCMTD:dbgheap.obj
 0001:0003a400       __malloc_dbg               1003b400 f   LIBCMTD:dbgheap.obj
 0001:0003a430       __msize                    1003b430 f   LIBCMTD:dbgheap.obj
 0001:0003a450       __msize_dbg                1003b450 f   LIBCMTD:dbgheap.obj
 0001:0003a660       __nh_malloc                1003b660 f   LIBCMTD:dbgheap.obj
 0001:0003a680       __nh_malloc_dbg            1003b680 f   LIBCMTD:dbgheap.obj
 0001:0003a910       __realloc_dbg              1003b910 f   LIBCMTD:dbgheap.obj
 0001:0003a9b0       __recalloc                 1003b9b0 f   LIBCMTD:dbgheap.obj
 0001:0003a9e0       __recalloc_dbg             1003b9e0 f   LIBCMTD:dbgheap.obj
 0001:0003b100       __wcstombs_l               1003c100 f   LIBCMTD:wcstombs.obj
 0001:0003b120       __wcstombs_l_helper        1003c120 f   LIBCMTD:wcstombs.obj
 0001:0003b630       __wcstombs_s_l             1003c630 f   LIBCMTD:wcstombs.obj
 0001:0003b990       _wcstombs                  1003c990 f   LIBCMTD:wcstombs.obj
 0001:0003b9b0       _wcstombs_s                1003c9b0 f   LIBCMTD:wcstombs.obj
 0001:0003b9e0       _setlocale                 1003c9e0 f   LIBCMTD:setlocal.obj
 0001:0003bd70       __CRT_INIT@12              1003cd70 f   LIBCMTD:dllcrt0.obj
 0001:0003bfc0       __DllMainCRTStartup@12     1003cfc0 f   LIBCMTD:dllcrt0.obj
 0001:0003c1b0       ___DllXcptFilter           1003d1b0 f   LIBCMTD:dllcrt0.obj
 0001:0003c1e0       _wmemcpy                   1003d1e0 f i LIBCMTD:wmemcpy_s.obj
 0001:0003c200       _wmemcpy_s                 1003d200 f   LIBCMTD:wmemcpy_s.obj
 0001:0003c3d0       _wmemset                   1003d3d0 f i LIBCMTD:wmemcpy_s.obj
 0001:0003c410       _wcsncat_s                 1003d410 f   LIBCMTD:wcsncat_s.obj
 0001:0003c900       __beginthreadex            1003d900 f   LIBCMTD:threadex.obj
 0001:0003cb30       __endthreadex              1003db30 f   LIBCMTD:threadex.obj
 0001:0003cd30       __vsnwprintf_s             1003dd30 f   LIBCMTD:vswprnc.obj
 0001:0003cd60       __vsnwprintf_s_l           1003dd60 f   LIBCMTD:vswprnc.obj
 0001:0003d130       __vswprintf_c              1003e130 f   LIBCMTD:vswprnc.obj
 0001:0003d180       __vswprintf_c_l            1003e180 f   LIBCMTD:vswprnc.obj
 0001:0003d1d0       __vswprintf_helper         1003e1d0 f   LIBCMTD:vswprnc.obj
 0001:0003d440       __vswprintf_p              1003e440 f   LIBCMTD:vswprnc.obj
 0001:0003d490       __vswprintf_p_l            1003e490 f   LIBCMTD:vswprnc.obj
 0001:0003d4e0       __vswprintf_s_l            1003e4e0 f   LIBCMTD:vswprnc.obj
 0001:0003d770       _vswprintf_s               1003e770 f   LIBCMTD:vswprnc.obj
 0001:0003d790       ___isascii                 1003e790 f i LIBCMTD:_ctype.obj
 0001:0003d7c0       ___iscsym                  1003e7c0 f i LIBCMTD:_ctype.obj
 0001:0003d800       ___iscsymf                 1003e800 f i LIBCMTD:_ctype.obj
 0001:0003d840       ___toascii                 1003e840 f i LIBCMTD:_ctype.obj
 0001:0003d850       __isalnum_l                1003e850 f i LIBCMTD:_ctype.obj
 0001:0003d8d0       __isalpha_l                1003e8d0 f i LIBCMTD:_ctype.obj
 0001:0003d950       __isblank_l                1003e950 f i LIBCMTD:_ctype.obj
 0001:0003d9e0       __iscntrl_l                1003e9e0 f i LIBCMTD:_ctype.obj
 0001:0003da60       __iscsym_l                 1003ea60 f i LIBCMTD:_ctype.obj
 0001:0003daa0       __iscsymf_l                1003eaa0 f i LIBCMTD:_ctype.obj
 0001:0003dae0       __isdigit_l                1003eae0 f i LIBCMTD:_ctype.obj
 0001:0003db60       __isgraph_l                1003eb60 f i LIBCMTD:_ctype.obj
 0001:0003dbe0       __islower_l                1003ebe0 f i LIBCMTD:_ctype.obj
 0001:0003dc60       __isprint_l                1003ec60 f i LIBCMTD:_ctype.obj
 0001:0003dce0       __ispunct_l                1003ece0 f i LIBCMTD:_ctype.obj
 0001:0003dd60       __isspace_l                1003ed60 f i LIBCMTD:_ctype.obj
 0001:0003dde0       __isupper_l                1003ede0 f i LIBCMTD:_ctype.obj
 0001:0003de60       __isxdigit_l               1003ee60 f i LIBCMTD:_ctype.obj
 0001:0003dee0       _isalnum                   1003eee0 f i LIBCMTD:_ctype.obj
 0001:0003df20       _isalpha                   1003ef20 f i LIBCMTD:_ctype.obj
 0001:0003df60       _isblank                   1003ef60 f i LIBCMTD:_ctype.obj
 0001:0003dfb0       _iscntrl                   1003efb0 f i LIBCMTD:_ctype.obj
 0001:0003dfe0       _isdigit                   1003efe0 f i LIBCMTD:_ctype.obj
 0001:0003e010       _isgraph                   1003f010 f i LIBCMTD:_ctype.obj
 0001:0003e050       _islower                   1003f050 f i LIBCMTD:_ctype.obj
 0001:0003e080       _isprint                   1003f080 f i LIBCMTD:_ctype.obj
 0001:0003e0c0       _ispunct                   1003f0c0 f i LIBCMTD:_ctype.obj
 0001:0003e0f0       _isspace                   1003f0f0 f i LIBCMTD:_ctype.obj
 0001:0003e120       _isupper                   1003f120 f i LIBCMTD:_ctype.obj
 0001:0003e150       _isxdigit                  1003f150 f i LIBCMTD:_ctype.obj
 0001:0003e190       __toupper                  1003f190 f   LIBCMTD:toupper.obj
 0001:0003e1a0       __toupper_l                1003f1a0 f   LIBCMTD:toupper.obj
 0001:0003e3e0       _toupper                   1003f3e0 f   LIBCMTD:toupper.obj
 0001:0003e430       _strcpy_s                  1003f430 f   LIBCMTD:strcpy_s.obj
 0001:0003e730       __strnicmp                 1003f730 f   LIBCMTD:strnicmp.obj
 0001:0003e900       __strnicmp_l               1003f900 f   LIBCMTD:strnicmp.obj
 0001:0003f010       __MallocaIsSizeInRange     10040010 f i LIBCMTD:strupr.obj
 0001:0003f040       __MarkAllocaS              10040040 f i LIBCMTD:strupr.obj
 0001:0003f060       __freea                    10040060 f i LIBCMTD:strupr.obj
 0001:0003f0a0       __strupr                   100400a0 f   LIBCMTD:strupr.obj
 0001:0003f190       __strupr_l                 10040190 f   LIBCMTD:strupr.obj
 0001:0003f1b0       __strupr_s                 100401b0 f   LIBCMTD:strupr.obj
 0001:0003f1d0       __strupr_s_l               100401d0 f   LIBCMTD:strupr.obj
 0001:0003f210       __scprintf                 10040210 f   LIBCMTD:sprintf.obj
 0001:0003f230       __scprintf_l               10040230 f   LIBCMTD:sprintf.obj
 0001:0003f260       __scprintf_p               10040260 f   LIBCMTD:sprintf.obj
 0001:0003f280       __scprintf_p_l             10040280 f   LIBCMTD:sprintf.obj
 0001:0003f2b0       __snprintf_s               100402b0 f   LIBCMTD:sprintf.obj
 0001:0003f2e0       __snprintf_s_l             100402e0 f   LIBCMTD:sprintf.obj
 0001:0003f310       __sprintf_l                10040310 f   LIBCMTD:sprintf.obj
 0001:0003f340       __sprintf_p                10040340 f   LIBCMTD:sprintf.obj
 0001:0003f370       __sprintf_p_l              10040370 f   LIBCMTD:sprintf.obj
 0001:0003f3a0       __sprintf_s_l              100403a0 f   LIBCMTD:sprintf.obj
 0001:0003f3d0       _sprintf                   100403d0 f   LIBCMTD:sprintf.obj
 0001:0003f590       _sprintf_s                 10040590 f   LIBCMTD:sprintf.obj
 0001:0003f5c0       __libm_sse2_pow_precise    100405c0 f   LIBCMTD:pow_sse2_precise.obj
 0001:00040130       __fpmath                   10041130 f   LIBCMTD:fpinit.obj
 0001:00040150       ___setfflag                10041150 f   LIBCMTD:fpinit.obj
 0001:00040170       __cfltcvt_init             10041170 f   LIBCMTD:fpinit.obj
 0001:00040230       __CrtDefaultAllocHook      10041230 f   LIBCMTD:dbghook.obj
 0001:00040240       __crt_debugger_hook        10041240 f   LIBCMTD:dbghook.obj
 0001:000402a0       ___crtCloseThreadpoolTimer 100412a0 f   LIBCMTD:winapisupp.obj
 0001:000402d0       ___crtCloseThreadpoolWait  100412d0 f   LIBCMTD:winapisupp.obj
 0001:00040300       ___crtCreateEventExW       10041300 f   LIBCMTD:winapisupp.obj
 0001:00040360       ___crtCreateSemaphoreExW   10041360 f   LIBCMTD:winapisupp.obj
 0001:000403c0       ___crtCreateSymbolicLinkW  100413c0 f   LIBCMTD:winapisupp.obj
 0001:00040400       ___crtCreateThreadpoolTimer 10041400 f   LIBCMTD:winapisupp.obj
 0001:00040440       ___crtCreateThreadpoolWait 10041440 f   LIBCMTD:winapisupp.obj
 0001:00040480       ___crtFlsAlloc             10041480 f   LIBCMTD:winapisupp.obj
 0001:000404b0       ___crtFlsFree              100414b0 f   LIBCMTD:winapisupp.obj
 0001:000404f0       ___crtFlsGetValue          100414f0 f   LIBCMTD:winapisupp.obj
 0001:00040530       ___crtFlsSetValue          10041530 f   LIBCMTD:winapisupp.obj
 0001:00040570       ___crtFlushProcessWriteBuffers 10041570 f   LIBCMTD:winapisupp.obj
 0001:000405a0       ___crtFreeLibraryWhenCallbackReturns 100415a0 f   LIBCMTD:winapisupp.obj
 0001:000405d0       ___crtGetCurrentProcessorNumber 100415d0 f   LIBCMTD:winapisupp.obj
 0001:00040600       ___crtGetFileInformationByHandleEx 10041600 f   LIBCMTD:winapisupp.obj
 0001:00040640       ___crtGetLogicalProcessorInformation 10041640 f   LIBCMTD:winapisupp.obj
 0001:00040680       ___crtGetShowWindowMode    10041680 f   LIBCMTD:winapisupp.obj
 0001:000406b0       ___crtGetTickCount64       100416b0 f   LIBCMTD:winapisupp.obj
 0001:000406e0       ___crtInitializeCriticalSectionEx 100416e0 f   LIBCMTD:winapisupp.obj
 0001:00040730       ___crtIsPackagedApp        10041730 f   LIBCMTD:winapisupp.obj
 0001:00040770       ___crtLoadWinApiPointers   10041770 f   LIBCMTD:winapisupp.obj
 0001:00040c10       ___crtSetFileInformationByHandle 10041c10 f   LIBCMTD:winapisupp.obj
 0001:00040c50       ___crtSetThreadStackGuarantee 10041c50 f   LIBCMTD:winapisupp.obj
 0001:00040c80       ___crtSetThreadpoolTimer   10041c80 f   LIBCMTD:winapisupp.obj
 0001:00040cc0       ___crtSetThreadpoolWait    10041cc0 f   LIBCMTD:winapisupp.obj
 0001:00040cf0       ___crtSetUnhandledExceptionFilter 10041cf0 f   LIBCMTD:winapisupp.obj
 0001:00040d00       ___crtSleep                10041d00 f   LIBCMTD:winapisupp.obj
 0001:00040d10       ___crtTerminateProcess     10041d10 f   LIBCMTD:winapisupp.obj
 0001:00040d30       ___crtUnhandledException   10041d30 f   LIBCMTD:winapisupp.obj
 0001:00040d50       ___crtWaitForThreadpoolTimerCallbacks 10041d50 f   LIBCMTD:winapisupp.obj
 0001:00040d80       ?_invalid_parameter@@YAXPBG00II@Z 10041d80 f   LIBCMTD:invarg.obj
 0001:00040db0       ?_invoke_watson@@YAXPBG00II@Z 10041db0 f   LIBCMTD:invarg.obj
 0001:00040dd0       __call_reportfault         10041dd0 f   LIBCMTD:invarg.obj
 0001:00040f30       __get_invalid_parameter_handler 10041f30 f   LIBCMTD:invarg.obj
 0001:00040f60       __initp_misc_invarg        10041f60 f   LIBCMTD:invarg.obj
 0001:00040f70       __invalid_parameter        10041f70 f   LIBCMTD:invarg.obj
 0001:00040fd0       __invoke_watson            10041fd0 f   LIBCMTD:invarg.obj
 0001:00041010       __set_invalid_parameter_handler 10042010 f   LIBCMTD:invarg.obj
 0001:00041050       ?_CrtDbgReportW@@YAHHPBGH00ZZ 10042050 f   LIBCMTD:dbgrptw.obj
 0001:000410a0       __CrtDbgReportW            100420a0 f   LIBCMTD:dbgrptw.obj
 0001:000410f0       __CrtDbgReportWV           100420f0 f i LIBCMTD:dbgrptw.obj
 0001:00041120       __CrtSetReportHookW2       10042120 f   LIBCMTD:dbgrptw.obj
 0001:00041470       ___crtMessageWindowW       10042470 f   LIBCMTD:dbgrptw.obj
 0001:00041920       __invoke_watson_if_error   10042920 f i LIBCMTD:dbgrptw.obj
 0001:00041950       ___doserrno                10042950 f   LIBCMTD:dosmap.obj
 0001:00041980       __dosmaperr                10042980 f   LIBCMTD:dosmap.obj
 0001:000419b0       __errno                    100429b0 f   LIBCMTD:dosmap.obj
 0001:000419e0       __get_doserrno             100429e0 f   LIBCMTD:dosmap.obj
 0001:00041a70       __get_errno                10042a70 f   LIBCMTD:dosmap.obj
 0001:00041b00       __get_errno_from_oserr     10042b00 f   LIBCMTD:dosmap.obj
 0001:00041b80       __set_doserrno             10042b80 f   LIBCMTD:dosmap.obj
 0001:00041bb0       __set_errno                10042bb0 f   LIBCMTD:dosmap.obj
 0001:00041be0       ___addlocaleref            10042be0 f   LIBCMTD:localref.obj
 0001:00041d00       ___freetlocinfo            10042d00 f   LIBCMTD:localref.obj
 0001:00041ff0       ___removelocaleref         10042ff0 f   LIBCMTD:localref.obj
 0001:00042110       ___updatetlocinfo          10043110 f   LIBCMTD:localref.obj
 0001:000421e0       __updatetlocinfoEx_nolock  100431e0 f   LIBCMTD:localref.obj
 0001:00042260       ___initmbctable            10043260 f   LIBCMTD:mbctype.obj
 0001:00042880       ___updatetmbcinfo          10043880 f   LIBCMTD:mbctype.obj
 0001:000429a0       __getmbcp                  100439a0 f   LIBCMTD:mbctype.obj
 0001:00042a10       __setmbcp                  10043a10 f   LIBCMTD:mbctype.obj
 0001:00042cb0       __setmbcp_nolock           10043cb0 f   LIBCMTD:mbctype.obj
 0001:00043030       ___iswcsym                 10044030 f i LIBCMTD:_wctype.obj
 0001:00043070       ___iswcsymf                10044070 f i LIBCMTD:_wctype.obj
 0001:000430b0       __isleadbyte_l             100440b0 f i LIBCMTD:_wctype.obj
 0001:00043100       __iswalnum_l               10044100 f i LIBCMTD:_wctype.obj
 0001:00043120       __iswalpha_l               10044120 f i LIBCMTD:_wctype.obj
 0001:00043140       __iswblank_l               10044140 f i LIBCMTD:_wctype.obj
 0001:00043170       __iswcntrl_l               10044170 f i LIBCMTD:_wctype.obj
 0001:00043190       __iswcsym_l                10044190 f i LIBCMTD:_wctype.obj
 0001:000431d0       __iswcsymf_l               100441d0 f i LIBCMTD:_wctype.obj
 0001:00043210       __iswdigit_l               10044210 f i LIBCMTD:_wctype.obj
 0001:00043230       __iswgraph_l               10044230 f i LIBCMTD:_wctype.obj
 0001:00043250       __iswlower_l               10044250 f i LIBCMTD:_wctype.obj
 0001:00043270       __iswprint_l               10044270 f i LIBCMTD:_wctype.obj
 0001:00043290       __iswpunct_l               10044290 f i LIBCMTD:_wctype.obj
 0001:000432b0       __iswspace_l               100442b0 f i LIBCMTD:_wctype.obj
 0001:000432d0       __iswupper_l               100442d0 f i LIBCMTD:_wctype.obj
 0001:000432f0       __iswxdigit_l              100442f0 f i LIBCMTD:_wctype.obj
 0001:00043310       _isleadbyte                10044310 f i LIBCMTD:_wctype.obj
 0001:00043330       _iswalnum                  10044330 f i LIBCMTD:_wctype.obj
 0001:00043350       _iswalpha                  10044350 f i LIBCMTD:_wctype.obj
 0001:00043370       _iswascii                  10044370 f i LIBCMTD:_wctype.obj
 0001:000433a0       _iswblank                  100443a0 f i LIBCMTD:_wctype.obj
 0001:000433d0       _iswcntrl                  100443d0 f i LIBCMTD:_wctype.obj
 0001:000433f0       _iswdigit                  100443f0 f i LIBCMTD:_wctype.obj
 0001:00043410       _iswgraph                  10044410 f i LIBCMTD:_wctype.obj
 0001:00043430       _iswlower                  10044430 f i LIBCMTD:_wctype.obj
 0001:00043450       _iswprint                  10044450 f i LIBCMTD:_wctype.obj
 0001:00043470       _iswpunct                  10044470 f i LIBCMTD:_wctype.obj
 0001:00043490       _iswspace                  10044490 f i LIBCMTD:_wctype.obj
 0001:000434b0       _iswupper                  100444b0 f i LIBCMTD:_wctype.obj
 0001:000434d0       _iswxdigit                 100444d0 f i LIBCMTD:_wctype.obj
 0001:000434f0       ___get_flsindex            100444f0 f   LIBCMTD:tidtable.obj
 0001:00043500       ___threadhandle            10044500 f   LIBCMTD:tidtable.obj
 0001:00043510       ___threadid                10044510 f   LIBCMTD:tidtable.obj
 0001:00043520       __freefls@4                10044520 f   LIBCMTD:tidtable.obj
 0001:00043720       __freeptd                  10044720 f   LIBCMTD:tidtable.obj
 0001:00043760       __getptd                   10044760 f   LIBCMTD:tidtable.obj
 0001:00043790       __getptd_noexit            10044790 f   LIBCMTD:tidtable.obj
 0001:00043840       __initptd                  10044840 f   LIBCMTD:tidtable.obj
 0001:00043980       __mtinit                   10044980 f   LIBCMTD:tidtable.obj
 0001:00043a30       __mtterm                   10044a30 f   LIBCMTD:tidtable.obj
 0001:00043a60       ___init_dummy              10044a60 f   LIBCMTD:wsetloca.obj
 0001:00043a70       __locterm                  10044a70 f   LIBCMTD:wsetloca.obj
 0001:00043b00       ____setlc_active_func      10044b00 f   LIBCMTD:wsetloca.obj
 0001:00043b10       ____unguarded_readlc_active_add_func 10044b10 f   LIBCMTD:wsetloca.obj
 0001:00043b20       ___copy_locale_name        10044b20 f   LIBCMTD:wsetloca.obj
 0001:00043bc0       ___create_locale           10044bc0 f   LIBCMTD:wsetloca.obj
 0001:00043be0       ___free_locale             10044be0 f   LIBCMTD:wsetloca.obj
 0001:00043c00       ___get_current_locale      10044c00 f   LIBCMTD:wsetloca.obj
 0001:00043c10       ___lc_lctowcs              10044c10 f   LIBCMTD:wsetloca.obj
 0001:00043cc0       ___lc_wcstolc              10044cc0 f   LIBCMTD:wsetloca.obj
 0001:00043ee0       __configthreadlocale       10044ee0 f   LIBCMTD:wsetloca.obj
 0001:00044040       __create_locale            10045040 f   LIBCMTD:wsetloca.obj
 0001:000440b0       __expandlocale             100450b0 f   LIBCMTD:wsetloca.obj
 0001:000445a0       __free_locale              100455a0 f   LIBCMTD:wsetloca.obj
 0001:000446d0       __get_current_locale       100456d0 f   LIBCMTD:wsetloca.obj
 0001:000447f0       __wcreate_locale           100457f0 f   LIBCMTD:wsetloca.obj
 0001:000449e0       __wcscats                  100459e0 f   LIBCMTD:wsetloca.obj
 0001:00044a60       __wsetlocale               10045a60 f   LIBCMTD:wsetloca.obj
 0001:00045af0       __flsbuf                   10046af0 f   LIBCMTD:_flsbuf.obj
 0001:00045dc0       ___vswprintf_l             10046dc0 f   LIBCMTD:vswprint.obj
 0001:00045de0       __vscwprintf               10046de0 f   LIBCMTD:vswprint.obj
 0001:00045e00       __vscwprintf_helper        10046e00 f   LIBCMTD:vswprint.obj
 0001:00045ef0       __vscwprintf_l             10046ef0 f   LIBCMTD:vswprint.obj
 0001:00045f10       __vscwprintf_p             10046f10 f   LIBCMTD:vswprint.obj
 0001:00045f30       __vscwprintf_p_l           10046f30 f   LIBCMTD:vswprint.obj
 0001:00045f50       __vswprintf                10046f50 f   LIBCMTD:vswprint.obj
 0001:00045f70       __vswprintf_l              10046f70 f   LIBCMTD:vswprint.obj
 0001:00046190       __woutput_l                10047190 f   LIBCMTD:woutput.obj
 0001:00047620       _get_int64_arg             10048620 f i LIBCMTD:woutput.obj
 0001:00047640       _get_int_arg               10048640 f i LIBCMTD:woutput.obj
 0001:00047910       ?_RTC_AllocaFailure@@YAXPAXPAU_RTC_ALLOCA_NODE@@H@Z 10048910 f   LIBCMTD:error.obj
 0001:00047a90       ?_RTC_Failure@@YAXPAXH@Z   10048a90 f   LIBCMTD:error.obj
 0001:00047ae0       ?_RTC_StackFailure@@YAXPAXPBD@Z 10048ae0 f   LIBCMTD:error.obj
 0001:00047e60       __RTC_UninitUse            10048e60 f   LIBCMTD:error.obj
 0001:00047f50       ?_RTC_GetErrorFunc@@YAP6AHHPBDH00ZZPBX@Z 10048f50 f   LIBCMTD:userapi.obj
 0001:00047f60       ?_RTC_GetErrorFuncW@@YAP6AHHPB_WH00ZZPBX@Z 10048f60 f   LIBCMTD:userapi.obj
 0001:00047f70       __RTC_GetErrDesc           10048f70 f   LIBCMTD:userapi.obj
 0001:00047f90       __RTC_NumErrors            10048f90 f   LIBCMTD:userapi.obj
 0001:00047fa0       __RTC_SetErrorFunc         10048fa0 f   LIBCMTD:userapi.obj
 0001:00047fc0       __RTC_SetErrorFuncW        10048fc0 f   LIBCMTD:userapi.obj
 0001:00047fe0       __RTC_SetErrorType         10048fe0 f   LIBCMTD:userapi.obj
 0001:00048010       __CRT_RTC_INIT             10049010 f   LIBCMTD:chkesp.obj
 0001:00048020       __CRT_RTC_INITW            10049020 f   LIBCMTD:chkesp.obj
 0001:00048030       __chkesp                   10049030 f   LIBCMTD:chkesp.obj
 0001:00048070       __FindPESection            10049070 f   LIBCMTD:pesect.obj
 0001:000480f0       __IsNonwritableInCurrentImage 100490f0 f   LIBCMTD:pesect.obj
 0001:00048220       __ValidateImageBase        10049220 f   LIBCMTD:pesect.obj
 0001:00048280       __local_unwind4            10049280 f   LIBCMTD:exsup4.obj
 0001:00048356       __seh_longjmp_unwind4@4    10049356 f   LIBCMTD:exsup4.obj
 0001:00048372       @_EH4_CallFilterFunc@8     10049372 f   LIBCMTD:exsup4.obj
 0001:00048389       @_EH4_TransferToHandler@8  10049389 f   LIBCMTD:exsup4.obj
 0001:000483a2       @_EH4_GlobalUnwind2@8      100493a2 f   LIBCMTD:exsup4.obj
 0001:000483bb       @_EH4_LocalUnwind@16       100493bb f   LIBCMTD:exsup4.obj
 0001:000483e0       ?_Name_base@type_info@@CAPBDPBV1@PAU__type_info_node@@@Z 100493e0 f   LIBCMTD:typname.obj
 0001:00048590       ?_Name_base_internal@type_info@@CAPBDPBV1@PAU__type_info_node@@@Z 10049590 f   LIBCMTD:typname.obj
 0001:00048750       ?_Type_info_dtor@type_info@@CAXPAV1@@Z 10049750 f   LIBCMTD:typname.obj
 0001:00048860       ?_Type_info_dtor_internal@type_info@@CAXPAV1@@Z 10049860 f   LIBCMTD:typname.obj
 0001:00048970       ___clean_type_info_names_internal 10049970 f   LIBCMTD:typname.obj
 0001:00048a20       ___unDNameHelper           10049a20 f   LIBCMTD:typname.obj
 0001:00048a60       __FF_MSGBANNER             10049a60 f   LIBCMTD:crt0msg.obj
 0001:00048ab0       __GET_RTERRMSG             10049ab0 f   LIBCMTD:crt0msg.obj
 0001:00048af0       __NMSG_WRITE               10049af0 f   LIBCMTD:crt0msg.obj
 0001:00048eb0       __set_abort_behavior       10049eb0 f   LIBCMTD:abort.obj
 0001:00048ee0       _abort                     10049ee0 f   LIBCMTD:abort.obj
 0001:00048f50       ___getlocaleinfo           10049f50 f   LIBCMTD:inithelp.obj
 0001:00049250       __initp_misc_purevirt      1004a250 f   LIBCMTD:inithelp.obj
 0001:00049260       ??0__non_rtti_object@std@@QAE@ABV01@@Z 1004a260 f   LIBCMTD:stdexcpt.obj
 0001:00049290       ??0__non_rtti_object@std@@QAE@PBD@Z 1004a290 f   LIBCMTD:stdexcpt.obj
 0001:000492c0       ??0bad_cast@std@@QAE@ABV01@@Z 1004a2c0 f   LIBCMTD:stdexcpt.obj
 0001:000492f0       ??0bad_cast@std@@QAE@PBD@Z 1004a2f0 f   LIBCMTD:stdexcpt.obj
 0001:00049320       ??0bad_typeid@std@@QAE@ABV01@@Z 1004a320 f   LIBCMTD:stdexcpt.obj
 0001:00049350       ??0bad_typeid@std@@QAE@PBD@Z 1004a350 f   LIBCMTD:stdexcpt.obj
 0001:00049380       ??0exception@std@@QAE@ABQBD@Z 1004a380 f   LIBCMTD:stdexcpt.obj
 0001:000493c0       ??0exception@std@@QAE@ABQBDH@Z 1004a3c0 f   LIBCMTD:stdexcpt.obj
 0001:000493f0       ??0exception@std@@QAE@ABV01@@Z 1004a3f0 f   LIBCMTD:stdexcpt.obj
 0001:00049430       ??0exception@std@@QAE@XZ   1004a430 f   LIBCMTD:stdexcpt.obj
 0001:00049460       ??1__non_rtti_object@std@@UAE@XZ 1004a460 f   LIBCMTD:stdexcpt.obj
 0001:00049480       ??1bad_cast@std@@UAE@XZ    1004a480 f   LIBCMTD:stdexcpt.obj
 0001:000494a0       ??1bad_typeid@std@@UAE@XZ  1004a4a0 f   LIBCMTD:stdexcpt.obj
 0001:000494c0       ??1exception@std@@UAE@XZ   1004a4c0 f   LIBCMTD:stdexcpt.obj
 0001:000494e0       ??4exception@std@@QAEAAV01@ABV01@@Z 1004a4e0 f   LIBCMTD:stdexcpt.obj
 0001:00049530       ??_E__non_rtti_object@std@@UAEPAXI@Z 1004a530 f i LIBCMTD:stdexcpt.obj
 0001:00049530       ??_G__non_rtti_object@std@@UAEPAXI@Z 1004a530 f i LIBCMTD:stdexcpt.obj
 0001:00049560       ??_Ebad_cast@std@@UAEPAXI@Z 1004a560 f i LIBCMTD:stdexcpt.obj
 0001:00049560       ??_Gbad_cast@std@@UAEPAXI@Z 1004a560 f i LIBCMTD:stdexcpt.obj
 0001:00049590       ??_Gbad_typeid@std@@UAEPAXI@Z 1004a590 f i LIBCMTD:stdexcpt.obj
 0001:00049590       ??_Ebad_typeid@std@@UAEPAXI@Z 1004a590 f i LIBCMTD:stdexcpt.obj
 0001:000495c0       ??_Eexception@std@@UAEPAXI@Z 1004a5c0 f i LIBCMTD:stdexcpt.obj
 0001:000495c0       ??_Gexception@std@@UAEPAXI@Z 1004a5c0 f i LIBCMTD:stdexcpt.obj
 0001:000495f0       ?_Copy_str@exception@std@@AAEXPBD@Z 1004a5f0 f   LIBCMTD:stdexcpt.obj
 0001:00049650       ?_Tidy@exception@std@@AAEXXZ 1004a650 f   LIBCMTD:stdexcpt.obj
 0001:00049690       ?what@exception@std@@UBEPBDXZ 1004a690 f   LIBCMTD:stdexcpt.obj
 0001:000496c0       ?_query_new_handler@@YAP6AHI@ZXZ 1004a6c0 f   LIBCMTD:handler.obj
 0001:000496e0       ?_set_new_handler@@YAP6AHI@ZH@Z 1004a6e0 f   LIBCMTD:handler.obj
 0001:00049720       ?_set_new_handler@@YAP6AHI@ZP6AHI@Z@Z 1004a720 f   LIBCMTD:handler.obj
 0001:00049760       __callnewh                 1004a760 f   LIBCMTD:handler.obj
 0001:000497a0       __initp_heap_handler       1004a7a0 f   LIBCMTD:handler.obj
 0001:000497b0       __CxxThrowException@8      1004a7b0 f   LIBCMTD:throw.obj
 0001:00049850       __lock                     1004a850 f   LIBCMTD:mlock.obj
 0001:00049890       __lockerr_exit             1004a890 f   LIBCMTD:mlock.obj
 0001:000498c0       __mtdeletelocks            1004a8c0 f   LIBCMTD:mlock.obj
 0001:00049980       __mtinitlocknum            1004a980 f   LIBCMTD:mlock.obj
 0001:00049aa0       __mtinitlocks              1004aaa0 f   LIBCMTD:mlock.obj
 0001:00049b20       __unlock                   1004ab20 f   LIBCMTD:mlock.obj
 0001:00049b40       __CallSettingFrame@12      1004ab40 f   LIBCMTD:lowhelpr.obj
 0001:00049b67       __NLG_Return               1004ab67     LIBCMTD:lowhelpr.obj
 0001:00049b90       ?_inconsistency@@YAXXZ     1004ab90 f   LIBCMTD:hooks.obj
 0001:00049c20       ?terminate@@YAXXZ          1004ac20 f   LIBCMTD:hooks.obj
 0001:00049ca0       ?unexpected@@YAXXZ         1004aca0 f   LIBCMTD:hooks.obj
 0001:00049cd0       __initp_eh_hooks           1004acd0 f   LIBCMTD:hooks.obj
 0001:00049cf0       ___DestructExceptionObject 1004acf0 f   LIBCMTD:frame.obj
 0001:00049e10       ??0bad_exception@std@@QAE@ABV01@@Z 1004ae10 f i LIBCMTD:frame.obj
 0001:00049e40       ??0bad_exception@std@@QAE@PBD@Z 1004ae40 f i LIBCMTD:frame.obj
 0001:00049e70       ??1bad_exception@std@@UAE@XZ 1004ae70 f i LIBCMTD:frame.obj
 0001:00049e90       ??_Ebad_exception@std@@UAEPAXI@Z 1004ae90 f i LIBCMTD:frame.obj
 0001:00049e90       ??_Gbad_exception@std@@UAEPAXI@Z 1004ae90 f i LIBCMTD:frame.obj
 0001:0004aa80       ?__uncaught_exception@@YA_NXZ 1004ba80 f   LIBCMTD:frame.obj
 0001:0004aab0       ?_is_exception_typeof@@YAHABVtype_info@@PAU_EXCEPTION_POINTERS@@@Z 1004bab0 f   LIBCMTD:frame.obj
 0001:0004ab90       __SetWinRTOutOfMemoryExceptionCallback 1004bb90 f   LIBCMTD:frame.obj
 0001:0004aba0       ___AdjustPointer           1004bba0 f   LIBCMTD:frame.obj
 0001:0004abf0       ___BuildCatchObject        1004bbf0 f   LIBCMTD:frame.obj
 0001:0004ad00       ___BuildCatchObjectHelper  1004bd00 f   LIBCMTD:frame.obj
 0001:0004b000       ___CxxDetectRethrow        1004c000 f   LIBCMTD:frame.obj
 0001:0004b080       ___CxxExceptionFilter      1004c080 f   LIBCMTD:frame.obj
 0001:0004b280       ___CxxQueryExceptionSize   1004c280 f   LIBCMTD:frame.obj
 0001:0004b290       ___CxxRegisterExceptionObject 1004c290 f   LIBCMTD:frame.obj
 0001:0004b3d0       ___CxxUnregisterExceptionObject 1004c3d0 f   LIBCMTD:frame.obj
 0001:0004b550       ___FrameUnwindFilter       1004c550 f   LIBCMTD:frame.obj
 0001:0004b5d0       ___FrameUnwindToState      1004c5d0 f   LIBCMTD:frame.obj
 0001:0004b750       ___GetPlatformExceptionInfo 1004c750 f   LIBCMTD:frame.obj
 0001:0004b810       ___InternalCxxFrameHandler 1004c810 f   LIBCMTD:frame.obj
 0001:0004b980       ___TypeMatch               1004c980 f   LIBCMTD:frame.obj
 0001:0004ba60       __INTRN_LOCALE_CONV        1004ca60 f i LIBCMTD:winput.obj
 0001:0004bc70       __winput_l                 1004cc70 f   LIBCMTD:winput.obj
 0001:0004db60       __winput_s_l               1004eb60 f   LIBCMTD:winputs.obj
 0001:0004fce0       __chvalidator              10050ce0 f   LIBCMTD:isctype.obj
 0001:0004fd30       __chvalidator_l            10050d30 f   LIBCMTD:isctype.obj
 0001:0004fdf0       __isctype                  10050df0 f   LIBCMTD:isctype.obj
 0001:0004fe30       __isctype_l                10050e30 f   LIBCMTD:isctype.obj
 0001:0004ff80       __free_base                10050f80 f   LIBCMTD:free.obj
 0001:0004ffd0       __realloc_base             10050fd0 f   LIBCMTD:realloc.obj
 0001:000500d0       __expand_base              100510d0 f   LIBCMTD:expand.obj
 0001:00050240       __CrtDbgReport             10051240 f   LIBCMTD:dbgrpt.obj
 0001:00050290       __CrtDbgReportV            10051290 f i LIBCMTD:dbgrpt.obj
 0001:000502c0       __CrtSetReportHook2        100512c0 f   LIBCMTD:dbgrpt.obj
 0001:00050610       ___crtMessageWindowA       10051610 f   LIBCMTD:dbgrpt.obj
 0001:00050ac0       __heapchk                  10051ac0 f   LIBCMTD:heapchk.obj
 0001:00050af0       __heapset                  10051af0 f   LIBCMTD:heapchk.obj
 0001:00050b00       __heap_alloc_base          10051b00 f i LIBCMTD:malloc.obj
 0001:00050b60       __malloc_base              10051b60 f   LIBCMTD:malloc.obj
 0001:00050bf0       __get_heap_handle          10051bf0 f   LIBCMTD:heapinit.obj
 0001:00050c30       __heap_init                10051c30 f   LIBCMTD:heapinit.obj
 0001:00050c60       __heap_term                10051c60 f   LIBCMTD:heapinit.obj
 0001:00050c70       __XcptFilter               10051c70 f   LIBCMTD:winxfltr.obj
 0001:00050e70       ___CppXcptFilter           10051e70 f   LIBCMTD:winxfltr.obj
 0001:00050f00       ___copy_path_to_wide_string 10051f00 f   LIBCMTD:crt0dat.obj
 0001:000510f0       ___copy_to_char            100520f0 f   LIBCMTD:crt0dat.obj
 0001:000512e0       ___crtCorExitProcess       100522e0 f   LIBCMTD:crt0dat.obj
 0001:00051320       ___crtExitProcess          10052320 f   LIBCMTD:crt0dat.obj
 0001:00051340       ___freeCrtMemory           10052340 f   LIBCMTD:crt0dat.obj
 0001:00051510       __amsg_exit                10052510 f   LIBCMTD:crt0dat.obj
 0001:00051530       __c_exit                   10052530 f   LIBCMTD:crt0dat.obj
 0001:00051550       __cexit                    10052550 f   LIBCMTD:crt0dat.obj
 0001:00051570       __cinit                    10052570 f   LIBCMTD:crt0dat.obj
 0001:00051610       __exit                     10052610 f   LIBCMTD:crt0dat.obj
 0001:00051630       __exit_app                 10052630 f   LIBCMTD:crt0dat.obj
 0001:00051650       __get_pgmptr               10052650 f   LIBCMTD:crt0dat.obj
 0001:00051770       __get_wpgmptr              10052770 f   LIBCMTD:crt0dat.obj
 0001:00051890       __init_pointers            10052890 f   LIBCMTD:crt0dat.obj
 0001:00051920       __initterm_e               10052920 f   LIBCMTD:crt0dat.obj
 0001:00051960       __lockexit                 10052960 f   LIBCMTD:crt0dat.obj
 0001:00051970       __unlockexit               10052970 f   LIBCMTD:crt0dat.obj
 0001:00051b70       _exit                      10052b70 f   LIBCMTD:crt0dat.obj
 0001:00051b90       __ioinit                   10052b90 f   LIBCMTD:ioinit.obj
 0001:00052070       __ioterm                   10053070 f   LIBCMTD:ioinit.obj
 0001:00052110       __set_pgmptr               10053110 f i LIBCMTD:stdargv.obj
 0001:00052120       __setargv                  10053120 f   LIBCMTD:stdargv.obj
 0001:000525f0       __setenvp                  100535f0 f   LIBCMTD:stdenvp.obj
 0001:00052790       ___security_init_cookie    10053790 f   LIBCMTD:gs_support.obj
 0001:00052870       ___crtGetEnvironmentStringsA 10053870 f   LIBCMTD:a_env.obj
 0001:00052970       __RTC_Initialize           10053970 f   LIBCMTD:initsect.obj
 0001:000529a0       __RTC_Terminate            100539a0 f   LIBCMTD:initsect.obj
 0001:000529d0       __woutput_s_l              100539d0 f   LIBCMTD:woutputs.obj
 0001:00054120       __validate_param_reuseW    10055120 f   LIBCMTD:woutputp.obj
 0001:00054400       __woutput_p_l              10055400 f   LIBCMTD:woutputp.obj
 0001:00058230       ___crtLCMapStringA         10059230 f   LIBCMTD:a_map.obj
 0001:00058290       ___ascii_strnicmp          10059290 f   LIBCMTD:_strnicm.obj
 0001:00058300       __tolower                  10059300 f   LIBCMTD:tolower.obj
 0001:00058310       __tolower_l                10059310 f   LIBCMTD:tolower.obj
 0001:00058550       _tolower                   10059550 f   LIBCMTD:tolower.obj
 0001:000585a0       _strnlen                   100595a0 f   LIBCMTD:strlen_s.obj
 0001:000585e0       __vscprintf                100595e0 f   LIBCMTD:vsprintf.obj
 0001:00058600       __vscprintf_helper         10059600 f   LIBCMTD:vsprintf.obj
 0001:000586f0       __vscprintf_l              100596f0 f   LIBCMTD:vsprintf.obj
 0001:00058710       __vscprintf_p              10059710 f   LIBCMTD:vsprintf.obj
 0001:00058730       __vscprintf_p_l            10059730 f   LIBCMTD:vsprintf.obj
 0001:00058750       __vsprintf_l               10059750 f   LIBCMTD:vsprintf.obj
 0001:00058910       _vsprintf                  10059910 f   LIBCMTD:vsprintf.obj
 0001:00058930       __vsnprintf_c              10059930 f   LIBCMTD:vsnprnc.obj
 0001:00058980       __vsnprintf_c_l            10059980 f   LIBCMTD:vsnprnc.obj
 0001:000589d0       __vsnprintf_helper         100599d0 f   LIBCMTD:vsnprnc.obj
 0001:00058bd0       __vsnprintf_s              10059bd0 f   LIBCMTD:vsnprnc.obj
 0001:00058c00       __vsnprintf_s_l            10059c00 f   LIBCMTD:vsnprnc.obj
 0001:00058fc0       __vsprintf_p               10059fc0 f   LIBCMTD:vsnprnc.obj
 0001:00059010       __vsprintf_p_l             1005a010 f   LIBCMTD:vsnprnc.obj
 0001:00059060       __vsprintf_s_l             1005a060 f   LIBCMTD:vsnprnc.obj
 0001:000592f0       _vsprintf_s                1005a2f0 f   LIBCMTD:vsnprnc.obj
 0001:00059310       __output_l                 1005a310 f   LIBCMTD:output.obj
 0001:0005a9c0       _get_short_arg             1005b9c0 f i LIBCMTD:output.obj
 0001:0005ab80       ___libm_error_support      1005bb80 f   LIBCMTD:libm_error.obj
 0001:0005b750       ___libm_setusermatherr     1005c750 f   LIBCMTD:libm_error.obj
 0001:0005b780       _pow                       1005c780 f   LIBCMTD:pow.obj
 0001:0005b7c0       __CIpow                    1005c7c0 f   LIBCMTD:pow.obj
 0001:0005b7fb       __CIpow_default            1005c7fb f   LIBCMTD:pow.obj
 0001:0005b814       __pow_default              1005c814     LIBCMTD:pow.obj
 0001:0005ba10       ?strrchr@@YAPADPADH@Z      1005ca10 f i LIBCMTD:cvt.obj
 0001:0005ba30       __cfltcvt                  1005ca30 f   LIBCMTD:cvt.obj
 0001:0005ba60       __cfltcvt_l                1005ca60 f   LIBCMTD:cvt.obj
 0001:0005bb20       __cftoa                    1005cb20 f   LIBCMTD:cvt.obj
 0001:0005bb50       __cftoa_l                  1005cb50 f   LIBCMTD:cvt.obj
 0001:0005c3c0       __cftoe                    1005d3c0 f   LIBCMTD:cvt.obj
 0001:0005c800       __cftoe_l                  1005d800 f   LIBCMTD:cvt.obj
 0001:0005ca30       __cftof                    1005da30 f   LIBCMTD:cvt.obj
 0001:0005cce0       __cftof_l                  1005dce0 f   LIBCMTD:cvt.obj
 0001:0005cee0       __cftog                    1005dee0 f   LIBCMTD:cvt.obj
 0001:0005cf10       __cftog_l                  1005df10 f   LIBCMTD:cvt.obj
 0001:0005d1a0       __cropzeros                1005e1a0 f   LIBCMTD:cvt.obj
 0001:0005d1c0       __cropzeros_l              1005e1c0 f   LIBCMTD:cvt.obj
 0001:0005d2e0       __fassign                  1005e2e0 f   LIBCMTD:cvt.obj
 0001:0005d300       __fassign_l                1005e300 f   LIBCMTD:cvt.obj
 0001:0005d350       __forcdecpt                1005e350 f   LIBCMTD:cvt.obj
 0001:0005d370       __forcdecpt_l              1005e370 f   LIBCMTD:cvt.obj
 0001:0005d440       __positive                 1005e440 f   LIBCMTD:cvt.obj
 0001:0005d4a0       __setdefaultprecision      1005e4a0 f   LIBCMTD:fp8.obj
 0001:0005d4e0       __initp_misc_cfltcvt_tab   1005e4e0 f   LIBCMTD:cmiscdat.obj
 0001:0005d520       ___fpecode                 1005e520 f   LIBCMTD:winsig.obj
 0001:0005d530       ___get_sigabrt             1005e530 f   LIBCMTD:winsig.obj
 0001:0005d550       ___pxcptinfoptrs           1005e550 f   LIBCMTD:winsig.obj
 0001:0005d560       __initp_misc_winsig        1005e560 f   LIBCMTD:winsig.obj
 0001:0005d690       _raise                     1005e690 f   LIBCMTD:winsig.obj
 0001:0005da20       _signal                    1005ea20 f   LIBCMTD:winsig.obj
 0001:0005ddd0       ___crtMessageBoxW          1005edd0 f   LIBCMTD:crtmboxw.obj
 0001:0005e0e0       ___crtMessageBoxWaitThreadW@4 1005f0e0 f   LIBCMTD:crtmboxw.obj
 0001:0005e120       __CrtDbgBreak              1005f120 f   LIBCMTD:dbgrptt.obj
 0001:0005e130       __CrtGetReportHook         1005f130 f   LIBCMTD:dbgrptt.obj
 0001:0005e140       __CrtSetReportFile         1005f140 f   LIBCMTD:dbgrptt.obj
 0001:0005e240       __CrtSetReportHook         1005f240 f   LIBCMTD:dbgrptt.obj
 0001:0005e260       __CrtSetReportMode         1005f260 f   LIBCMTD:dbgrptt.obj
 0001:0005e3a0       __VCrtDbgReportA           1005f3a0 f   LIBCMTD:dbgrptt.obj
 0001:0005ec10       __VCrtDbgReportW           1005fc10 f   LIBCMTD:dbgrptt.obj
 0001:0005f590       __chkstk                   10060590 f   LIBCMTD:chkstk.obj
 0001:0005f590       __alloca_probe             10060590 f   LIBCMTD:chkstk.obj
 0001:0005f5c0       ___free_lconv_mon          100605c0 f   LIBCMTD:initmon.obj
 0001:0005f770       ___init_monetary           10060770 f   LIBCMTD:initmon.obj
 0001:0005fd80       ___free_lconv_num          10060d80 f   LIBCMTD:initnum.obj
 0001:0005fe30       ___init_numeric            10060e30 f   LIBCMTD:initnum.obj
 0001:00060200       ___free_lc_time            10061200 f   LIBCMTD:inittime.obj
 0001:00060b30       ___init_time               10061b30 f   LIBCMTD:inittime.obj
 0001:00061b30       _localeconv                10062b30 f   LIBCMTD:lconv.obj
 0001:00061cc0       ___crtGetStringTypeA       10062cc0 f   LIBCMTD:a_str.obj
 0001:00061d10       __iswctype_l               10062d10 f   LIBCMTD:iswctype.obj
 0001:00061d30       _is_wctype                 10062d30 f   LIBCMTD:iswctype.obj
 0001:00061d50       _iswctype                  10062d50 f   LIBCMTD:iswctype.obj
 0001:00061db0       ___pctype_func             10062db0 f   LIBCMTD:ctype.obj
 0001:00061e00       ___pwctype_func            10062e00 f   LIBCMTD:ctype.obj
 0001:00061e10       ___init_collate            10062e10 f   LIBCMTD:initcoll.obj
 0001:00061e20       ____lc_codepage_func       10062e20 f   LIBCMTD:initctyp.obj
 0001:00061e70       ____lc_collate_cp_func     10062e70 f   LIBCMTD:initctyp.obj
 0001:00061ec0       ____lc_locale_name_func    10062ec0 f   LIBCMTD:initctyp.obj
 0001:00061f10       ____mb_cur_max_func        10062f10 f   LIBCMTD:initctyp.obj
 0001:00061f60       ____mb_cur_max_l_func      10062f60 f   LIBCMTD:initctyp.obj
 0001:00061f90       ___init_ctype              10062f90 f   LIBCMTD:initctyp.obj
 0001:000625d0       _wcscspn                   100635d0 f   LIBCMTD:wcscspn.obj
 0001:00062640       _wcsnlen                   10063640 f   LIBCMTD:wcslen_s.obj
 0001:00062680       _wcsncmp                   10063680 f   LIBCMTD:wcsncmp.obj
 0001:000626e0       _wcsncpy_s                 100636e0 f   LIBCMTD:wcsncpy_s.obj
 0001:00062b10       _wcspbrk                   10063b10 f   LIBCMTD:wcspbrk.obj
 0001:000636a0       ___get_qualified_locale    100646a0 f   LIBCMTD:getqloc.obj
 0001:00064670       ___get_qualified_locale_downlevel 10065670 f   LIBCMTD:getqloc_downlevel.obj
 0001:00064940       _GetTableIndexFromLcid     10065940 f   LIBCMTD:winapinls.obj
 0001:000649b0       _GetTableIndexFromLocaleName 100659b0 f   LIBCMTD:winapinls.obj
 0001:00064a40       ___crtCompareStringEx      10065a40 f   LIBCMTD:winapinls.obj
 0001:00064ab0       ___crtDownlevelLCIDToLocaleName 10065ab0 f   LIBCMTD:winapinls.obj
 0001:00064b80       ___crtDownlevelLocaleNameToLCID 10065b80 f   LIBCMTD:winapinls.obj
 0001:00064be0       ___crtEnumSystemLocalesEx  10065be0 f   LIBCMTD:winapinls.obj
[...]
 0005:00000028       __imp__SetBkColor@8        100f6028     gdi32:GDI32.dll
 0005:0000002c       \177GDI32_NULL_THUNK_DATA  100f602c     gdi32:GDI32.dll
 0005:00000060       __imp__EnumSystemLocalesW@8 100f6060     kernel32:KERNEL32.dll
 0005:00000064       __imp__GetUserDefaultLCID@0 100f6064     kernel32:KERNEL32.dll
 0005:00000068       __imp__IsValidLocale@8     100f6068     kernel32:KERNEL32.dll
 0005:0000006c       __imp__GetLocaleInfoW@16   100f606c     kernel32:KERNEL32.dll
 0005:00000070       __imp__GetStringTypeW@16   100f6070     kernel32:KERNEL32.dll
 0005:00000074       __imp__WriteConsoleW@20    100f6074     kernel32:KERNEL32.dll
 0005:00000078       __imp__WaitForSingleObjectEx@12 100f6078     kernel32:KERNEL32.dll
 0005:0000007c       __imp__OutputDebugStringW@4 100f607c     kernel32:KERNEL32.dll
 0005:00000080       __imp__SetConsoleCtrlHandler@8 100f6080     kernel32:KERNEL32.dll
 0005:00000084       __imp__FreeEnvironmentStringsW@4 100f6084     kernel32:KERNEL32.dll
 0005:00000088       __imp__GetEnvironmentStringsW@0 100f6088     kernel32:KERNEL32.dll
 0005:0000008c       __imp__GetSystemTimeAsFileTime@4 100f608c     kernel32:KERNEL32.dll
 0005:00000090       __imp__QueryPerformanceCounter@4 100f6090     kernel32:KERNEL32.dll
 0005:00000094       __imp__GetFileType@4       100f6094     kernel32:KERNEL32.dll
 0005:00000098       __imp__AreFileApisANSI@0   100f6098     kernel32:KERNEL32.dll
 0005:0000009c       __imp__ExitProcess@4       100f609c     kernel32:KERNEL32.dll
 0005:000000a0       __imp__GetProcessHeap@0    100f60a0     kernel32:KERNEL32.dll
 0005:000000a4       __imp__GetModuleFileNameA@12 100f60a4     kernel32:KERNEL32.dll
 0005:000000a8       __imp__HeapQueryInformation@20 100f60a8     kernel32:KERNEL32.dll
 0005:000000ac       __imp__HeapSize@12         100f60ac     kernel32:KERNEL32.dll
 0005:000000b0       __imp__FatalAppExitA@8     100f60b0     kernel32:KERNEL32.dll
 0005:000000b4       __imp__DeleteCriticalSection@4 100f60b4     kernel32:KERNEL32.dll
 0005:000000b8       __imp__LeaveCriticalSection@4 100f60b8     kernel32:KERNEL32.dll
 0005:000000bc       __imp__EnterCriticalSection@4 100f60bc     kernel32:KERNEL32.dll
 0005:000000c0       __imp__WriteFile@20        100f60c0     kernel32:KERNEL32.dll
 0005:000000c4       __imp__GetStdHandle@4      100f60c4     kernel32:KERNEL32.dll
 0005:000000c8       __imp__RaiseException@16   100f60c8     kernel32:KERNEL32.dll
 0005:000000cc       __imp__GetDateFormatW@24   100f60cc     kernel32:KERNEL32.dll
 0005:000000d0       __imp__GetOEMCP@0          100f60d0     kernel32:KERNEL32.dll
 0005:000000d4       __imp__GetACP@0            100f60d4     kernel32:KERNEL32.dll
 0005:000000d8       __imp__IsValidCodePage@4   100f60d8     kernel32:KERNEL32.dll
 0005:000000dc       __imp__GetModuleHandleExW@12 100f60dc     kernel32:KERNEL32.dll
 0005:000000e0       __imp__CreateSemaphoreW@16 100f60e0     kernel32:KERNEL32.dll
 0005:000000e4       __imp__GetStartupInfoW@4   100f60e4     kernel32:KERNEL32.dll
 0005:000000e8       __imp__TlsFree@4           100f60e8     kernel32:KERNEL32.dll
 0005:000000ec       __imp__TlsSetValue@8       100f60ec     kernel32:KERNEL32.dll
 0005:000000f0       __imp__TlsGetValue@4       100f60f0     kernel32:KERNEL32.dll
 0005:000000f4       __imp__TlsAlloc@0          100f60f4     kernel32:KERNEL32.dll
 0005:000000f8       __imp__TerminateProcess@8  100f60f8     kernel32:KERNEL32.dll
 0005:000000fc       __imp__GetCurrentProcess@0 100f60fc     kernel32:KERNEL32.dll
 0005:00000100       __imp__Sleep@4             100f6100     kernel32:KERNEL32.dll
 0005:00000104       __imp__CreateEventW@16     100f6104     kernel32:KERNEL32.dll
 0005:00000108       __imp__InitializeCriticalSectionAndSpinCount@8 100f6108     kernel32:KERNEL32.dll
 0005:0000010c       __imp__SetUnhandledExceptionFilter@4 100f610c     kernel32:KERNEL32.dll
 0005:00000110       __imp__UnhandledExceptionFilter@4 100f6110     kernel32:KERNEL32.dll
 0005:00000114       __imp__LoadLibraryExW@12   100f6114     kernel32:KERNEL32.dll
 0005:00000118       __imp__ExitThread@4        100f6118     kernel32:KERNEL32.dll
 0005:0000011c       __imp__CreateThread@24     100f611c     kernel32:KERNEL32.dll
 0005:00000120       __imp__GetCurrentThreadId@0 100f6120     kernel32:KERNEL32.dll
 0005:00000124       __imp__GetCommandLineA@0   100f6124     kernel32:KERNEL32.dll
 0005:00000128       __imp__WideCharToMultiByte@32 100f6128     kernel32:KERNEL32.dll
 0005:0000012c       __imp__GetSystemInfo@4     100f612c     kernel32:KERNEL32.dll
 0005:00000130       __imp__HeapValidate@12     100f6130     kernel32:KERNEL32.dll
 0005:00000134       __imp__RtlUnwind@16        100f6134     kernel32:KERNEL32.dll
 0005:00000138       __imp__DecodePointer@4     100f6138     kernel32:KERNEL32.dll
 0005:0000013c       __imp__GetTimeFormatW@24   100f613c     kernel32:KERNEL32.dll
 0005:00000140       __imp__CompareStringW@24   100f6140     kernel32:KERNEL32.dll
 0005:00000144       __imp__LCMapStringW@24     100f6144     kernel32:KERNEL32.dll
 0005:00000148       __imp__GetConsoleCP@0      100f6148     kernel32:KERNEL32.dll
 0005:0000014c       __imp__GetConsoleMode@8    100f614c     kernel32:KERNEL32.dll
 0005:00000150       __imp__SetFilePointerEx@20 100f6150     kernel32:KERNEL32.dll
 0005:00000154       __imp__FreeLibrary@4       100f6154     kernel32:KERNEL32.dll
 0005:00000158       __imp__SetStdHandle@8      100f6158     kernel32:KERNEL32.dll
 0005:0000015c       __imp__FlushFileBuffers@4  100f615c     kernel32:KERNEL32.dll
 0005:00000160       __imp__ReadConsoleW@20     100f6160     kernel32:KERNEL32.dll
 0005:00000164       __imp__GetCPInfo@8         100f6164     kernel32:KERNEL32.dll
 0005:00000168       __imp__CreateFileW@28      100f6168     kernel32:KERNEL32.dll
 0005:0000016c       __imp__EncodePointer@4     100f616c     kernel32:KERNEL32.dll
 0005:00000170       __imp__MultiByteToWideChar@24 100f6170     kernel32:KERNEL32.dll
 0005:00000174       __imp__IsProcessorFeaturePresent@4 100f6174     kernel32:KERNEL32.dll
 0005:00000178       __imp__IsDebuggerPresent@0 100f6178     kernel32:KERNEL32.dll
 0005:0000017c       __imp__HeapSetInformation@16 100f617c     kernel32:KERNEL32.dll
 0005:00000180       __imp__HeapCompact@8       100f6180     kernel32:KERNEL32.dll
 0005:00000184       __imp__HeapFree@12         100f6184     kernel32:KERNEL32.dll
 0005:00000188       __imp__HeapReAlloc@16      100f6188     kernel32:KERNEL32.dll
 0005:0000018c       __imp__HeapAlloc@12        100f618c     kernel32:KERNEL32.dll
 0005:00000190       __imp__HeapDestroy@4       100f6190     kernel32:KERNEL32.dll
 0005:00000194       __imp__HeapCreate@12       100f6194     kernel32:KERNEL32.dll
 0005:00000198       __imp__SetThreadPriority@8 100f6198     kernel32:KERNEL32.dll
 0005:0000019c       __imp__GetCurrentThread@0  100f619c     kernel32:KERNEL32.dll
 0005:000001a0       __imp__GetProcAddress@8    100f61a0     kernel32:KERNEL32.dll
 0005:000001a4       __imp__GetVersion@0        100f61a4     kernel32:KERNEL32.dll
 0005:000001a8       __imp__GetCurrentProcessId@0 100f61a8     kernel32:KERNEL32.dll
 0005:000001ac       __imp__GetLastError@0      100f61ac     kernel32:KERNEL32.dll
 0005:000001b0       __imp__SetLastError@4      100f61b0     kernel32:KERNEL32.dll
 0005:000001b4       __imp__GetFileSize@8       100f61b4     kernel32:KERNEL32.dll
 0005:000001b8       __imp__ReadFile@20         100f61b8     kernel32:KERNEL32.dll
 0005:000001bc       __imp__SetFilePointer@16   100f61bc     kernel32:KERNEL32.dll
 0005:000001c0       __imp__CloseHandle@4       100f61c0     kernel32:KERNEL32.dll
 0005:000001c4       __imp__MapViewOfFile@20    100f61c4     kernel32:KERNEL32.dll
 0005:000001c8       __imp__UnmapViewOfFile@4   100f61c8     kernel32:KERNEL32.dll
 0005:000001cc       __imp__CreateFileMappingW@24 100f61cc     kernel32:KERNEL32.dll
 0005:000001d0       __imp__LoadLibraryW@4      100f61d0     kernel32:KERNEL32.dll
 0005:000001d4       __imp__GetModuleFileNameW@12 100f61d4     kernel32:KERNEL32.dll
 0005:000001d8       __imp__GetModuleHandleA@4  100f61d8     kernel32:KERNEL32.dll
 0005:000001dc       __imp__GetModuleHandleW@4  100f61dc     kernel32:KERNEL32.dll
 0005:000001e0       __imp__OutputDebugStringA@4 100f61e0     kernel32:KERNEL32.dll
 0005:000001e4       __imp__GetFileAttributesW@4 100f61e4     kernel32:KERNEL32.dll
 0005:000001e8       __imp__CreateToolhelp32Snapshot@8 100f61e8     kernel32:KERNEL32.dll
 0005:000001ec       __imp__Module32FirstW@8    100f61ec     kernel32:KERNEL32.dll
 0005:000001f0       __imp__Module32NextW@8     100f61f0     kernel32:KERNEL32.dll
 0005:000001f4       __imp__VirtualQuery@12     100f61f4     kernel32:KERNEL32.dll
 0005:000001f8       __imp__OpenThread@12       100f61f8     kernel32:KERNEL32.dll
 0005:000001fc       __imp__GetThreadContext@8  100f61fc     kernel32:KERNEL32.dll
 0005:00000200       __imp__Thread32First@8     100f6200     kernel32:KERNEL32.dll
 0005:00000204       __imp__Thread32Next@8      100f6204     kernel32:KERNEL32.dll
 0005:00000208       __imp__GetTickCount@0      100f6208     kernel32:KERNEL32.dll
 0005:0000020c       __imp__Heap32ListFirst@8   100f620c     kernel32:KERNEL32.dll
 0005:00000210       __imp__Heap32ListNext@8    100f6210     kernel32:KERNEL32.dll
 0005:00000214       __imp__Heap32First@12      100f6214     kernel32:KERNEL32.dll
 0005:00000218       __imp__Heap32Next@4        100f6218     kernel32:KERNEL32.dll
 0005:0000021c       __imp__LoadLibraryA@4      100f621c     kernel32:KERNEL32.dll
 0005:00000220       __imp__lstrcmpiW@8         100f6220     kernel32:KERNEL32.dll
 0005:00000224       __imp__lstrcpyW@8          100f6224     kernel32:KERNEL32.dll
 0005:00000228       __imp__FreeResource@4      100f6228     kernel32:KERNEL32.dll
 0005:0000022c       __imp__LockResource@4      100f622c     kernel32:KERNEL32.dll
 0005:00000230       __imp__LoadResource@8      100f6230     kernel32:KERNEL32.dll
 0005:00000234       __imp__SizeofResource@8    100f6234     kernel32:KERNEL32.dll
 0005:00000238       __imp__FindResourceW@12    100f6238     kernel32:KERNEL32.dll
 0005:0000023c       __imp__GetThreadPriority@4 100f623c     kernel32:KERNEL32.dll
 0005:00000240       __imp__SuspendThread@4     100f6240     kernel32:KERNEL32.dll
 0005:00000244       __imp__ResumeThread@4      100f6244     kernel32:KERNEL32.dll
 0005:00000248       __imp__VirtualProtect@16   100f6248     kernel32:KERNEL32.dll
 0005:0000024c       __imp__GetThreadSelectorEntry@12 100f624c     kernel32:KERNEL32.dll
 0005:00000250       __imp__WriteProcessMemory@20 100f6250     kernel32:KERNEL32.dll
 0005:00000254       \177KERNEL32_NULL_THUNK_DATA 100f6254     kernel32:KERNEL32.dll
 0005:000002e4       __imp__QueryPathOfRegTypeLib@20 100f62e4     oleaut32:OLEAUT32.dll
 0005:000002e8       __imp__LoadRegTypeLib@20   100f62e8     oleaut32:OLEAUT32.dll
 0005:000002ec       __imp__LoadTypeLib@8       100f62ec     oleaut32:OLEAUT32.dll
 0005:000002f0       __imp__SysFreeString@4     100f62f0     oleaut32:OLEAUT32.dll
 0005:000002f4       \177OLEAUT32_NULL_THUNK_DATA 100f62f4     oleaut32:OLEAUT32.dll
 0005:00000320       __imp__GetMappedFileNameW@16 100f6320     Psapi:PSAPI.DLL
 0005:00000324       \177PSAPI_NULL_THUNK_DATA  100f6324     Psapi:PSAPI.DLL
 0005:00000350       __imp__ShellExecuteW@24    100f6350     shell32:SHELL32.dll
 0005:00000354       \177SHELL32_NULL_THUNK_DATA 100f6354     shell32:SHELL32.dll
 0005:00000380       __imp__MoveWindow@24       100f6380     user32:USER32.dll
 0005:00000384       __imp__SendMessageW@16     100f6384     user32:USER32.dll
 0005:00000388       __imp__CreateWindowExW@48  100f6388     user32:USER32.dll
 0005:0000038c       __imp__DestroyWindow@4     100f638c     user32:USER32.dll
 0005:00000390       __imp__GetMessageW@16      100f6390     user32:USER32.dll
 0005:00000394       __imp__MessageBoxW@16      100f6394     user32:USER32.dll
 0005:00000398       __imp__GetWindowRect@8     100f6398     user32:USER32.dll
 0005:0000039c       __imp__GetWindowTextLengthW@4 100f639c     user32:USER32.dll
 0005:000003a0       __imp__SetWindowTextA@8    100f63a0     user32:USER32.dll
 0005:000003a4       __imp__KillTimer@8         100f63a4     user32:USER32.dll
 0005:000003a8       __imp__GetDlgItem@8        100f63a8     user32:USER32.dll
 0005:000003ac       __imp__EndDialog@8         100f63ac     user32:USER32.dll
 0005:000003b0       __imp__GetCursorPos@4      100f63b0     user32:USER32.dll
 0005:000003b4       __imp__TrackPopupMenu@28   100f63b4     user32:USER32.dll
 0005:000003b8       __imp__GetSubMenu@8        100f63b8     user32:USER32.dll
 0005:000003bc       __imp__CheckMenuItem@12    100f63bc     user32:USER32.dll
 0005:000003c0       __imp__SendMessageA@16     100f63c0     user32:USER32.dll
 0005:000003c4       __imp__PeekMessageW@20     100f63c4     user32:USER32.dll
 0005:000003c8       __imp__DispatchMessageW@4  100f63c8     user32:USER32.dll
 0005:000003cc       __imp__TranslateMessage@4  100f63cc     user32:USER32.dll
 0005:000003d0       __imp__SetWindowLongW@12   100f63d0     user32:USER32.dll
 0005:000003d4       __imp__GetWindowLongW@8    100f63d4     user32:USER32.dll
 0005:000003d8       __imp__MessageBeep@4       100f63d8     user32:USER32.dll
 0005:000003dc       __imp__DefFrameProcW@20    100f63dc     user32:USER32.dll
 0005:000003e0       __imp__LoadImageW@24       100f63e0     user32:USER32.dll
 0005:000003e4       __imp__DestroyIcon@4       100f63e4     user32:USER32.dll
 0005:000003e8       __imp__LoadCursorW@8       100f63e8     user32:USER32.dll
 0005:000003ec       __imp__DestroyMenu@4       100f63ec     user32:USER32.dll
 0005:000003f0       __imp__LoadMenuW@8         100f63f0     user32:USER32.dll
 0005:000003f4       __imp__RegisterClassExW@4  100f63f4     user32:USER32.dll
 0005:000003f8       __imp__UnregisterClassW@8  100f63f8     user32:USER32.dll
 0005:000003fc       __imp__PostQuitMessage@4   100f63fc     user32:USER32.dll
 0005:00000400       __imp__SendDlgItemMessageW@20 100f6400     user32:USER32.dll
 0005:00000404       __imp__CreateDialogParamW@20 100f6404     user32:USER32.dll
 0005:00000408       __imp__ShowWindow@8        100f6408     user32:USER32.dll
 0005:0000040c       __imp__SetWindowPos@28     100f640c     user32:USER32.dll
 0005:00000410       __imp__GetScrollInfo@12    100f6410     user32:USER32.dll
 0005:00000414       __imp__SetScrollPos@16     100f6414     user32:USER32.dll
 0005:00000418       __imp__GetKeyState@4       100f6418     user32:USER32.dll
 0005:0000041c       __imp__SetFocus@4          100f641c     user32:USER32.dll
 0005:00000420       __imp__DialogBoxParamW@20  100f6420     user32:USER32.dll
 0005:00000424       __imp__DrawEdge@16         100f6424     user32:USER32.dll
 0005:00000428       __imp__DefMDIChildProcW@16 100f6428     user32:USER32.dll
 0005:0000042c       __imp__FrameRect@12        100f642c     user32:USER32.dll
 0005:00000430       __imp__FillRect@12         100f6430     user32:USER32.dll
 0005:00000434       __imp__GetClientRect@8     100f6434     user32:USER32.dll
 0005:00000438       __imp__GetWindowTextW@12   100f6438     user32:USER32.dll
 0005:0000043c       __imp__SetWindowTextW@8    100f643c     user32:USER32.dll
 0005:00000440       __imp__InvalidateRect@12   100f6440     user32:USER32.dll
 0005:00000444       __imp__EndPaint@8          100f6444     user32:USER32.dll
 0005:00000448       __imp__BeginPaint@8        100f6448     user32:USER32.dll
 0005:0000044c       __imp__UpdateWindow@4      100f644c     user32:USER32.dll
 0005:00000450       __imp__DrawTextW@20        100f6450     user32:USER32.dll
 0005:00000454       __imp__EnableWindow@8      100f6454     user32:USER32.dll
 0005:00000458       \177USER32_NULL_THUNK_DATA 100f6458     user32:USER32.dll
 0005:000004ac       __imp__memcmp              100f64ac     ntdll:ntdll.dll
 0005:000004b0       __imp__wcslen              100f64b0     ntdll:ntdll.dll
 0005:000004b4       __imp___wcsicmp            100f64b4     ntdll:ntdll.dll
 0005:000004b8       __imp__memcpy              100f64b8     ntdll:ntdll.dll
 0005:000004bc       __imp___aullshr            100f64bc     ntdll:ntdll.dll
 0005:000004c0       __imp___allshl             100f64c0     ntdll:ntdll.dll
 0005:000004c4       __imp__strcmp              100f64c4     ntdll:ntdll.dll
 0005:000004c8       __imp__memset              100f64c8     ntdll:ntdll.dll
 0005:000004cc       __imp__strlen              100f64cc     ntdll:ntdll.dll
 0005:000004d0       __imp__wcscmp              100f64d0     ntdll:ntdll.dll
 0005:000004d4       __imp__memmove             100f64d4     ntdll:ntdll.dll
 0005:000004d8       \177ntdll_NULL_THUNK_DATA  100f64d8     ntdll:ntdll.dll
 0005:0000050c       __imp__CoCreateInstance@20 100f650c     ole32:ole32.dll
 0005:00000510       __imp__CoUninitialize@0    100f6510     ole32:ole32.dll
 0005:00000514       __imp__CoInitialize@4      100f6514     ole32:ole32.dll
 0005:00000518       \177ole32_NULL_THUNK_DATA  100f6518     ole32:ole32.dll
 0005:00000544       __IMPORT_DESCRIPTOR_ntdll  100f6544     ntdll:ntdll.dll
 0005:00000558       __IMPORT_DESCRIPTOR_USER32 100f6558     user32:USER32.dll
 0005:0000056c       __IMPORT_DESCRIPTOR_GDI32  100f656c     gdi32:GDI32.dll
 0005:00000580       __IMPORT_DESCRIPTOR_PSAPI  100f6580     Psapi:PSAPI.DLL
 0005:00000594       __IMPORT_DESCRIPTOR_SHELL32 100f6594     shell32:SHELL32.dll
 0005:000005a8       __IMPORT_DESCRIPTOR_ole32  100f65a8     ole32:ole32.dll
 0005:000005bc       __IMPORT_DESCRIPTOR_OLEAUT32 100f65bc     oleaut32:OLEAUT32.dll
 0005:000005d0       __IMPORT_DESCRIPTOR_KERNEL32 100f65d0     kernel32:KERNEL32.dll
 0005:000005e4       __NULL_IMPORT_DESCRIPTOR   100f65e4     ntdll:ntdll.dll
 0006:000005b0       ?pcit_ive@@3PBDB           100f85b0     pcodeinstset.obj
 0006:000005c4       ?pcit_unk@@3PBDB           100f85c4     pcodeinstset.obj
 0006:000005d8       ?PCodeStdInst@@3QBU_VB_PCODE_STD_INST@@B 100f85d8     pcodeinstset.obj
 0006:00003c94       ?pvbinst@@3PAPBU_VB_PCODE_LEAD_INST@@A 100fbc94     pcodeinstset.obj
 0006:00004550       ?PCodeLead0Inst@@3QBU_VB_PCODE_LEAD_INST@@B 100fc550     pcodeinstset.obj
 0006:00005150       ?PCodeLead1Inst@@3QBU_VB_PCODE_LEAD_INST@@B 100fd150     pcodeinstset.obj
 0006:00005d50       ?PCodeLead2Inst@@3QBU_VB_PCODE_LEAD_INST@@B 100fdd50     pcodeinstset.obj
 0006:00006950       ?PCodeLead3Inst@@3QBU_VB_PCODE_LEAD_INST@@B 100fe950     pcodeinstset.obj
 0006:00007550       ?PCodeLead4Inst@@3QBU_VB_PCODE_LEAD_INST@@B 100ff550     pcodeinstset.obj
 0007:00000000       ?InstBreak@@3GA            10102000     pcodevm.obj
 0007:00000004       ?BreakFlag@@3GA            10102004     pcodevm.obj
 0007:00000014       ?vmsignature@@3HA          10102014     pcodevm.obj
 0007:00000018       ?vmkeyopcode@@3HA          10102018     pcodevm.obj
 0007:00000020       ?Le4FuncTable@@3PAHA       10102020     pcodevm.obj
 0007:00000420       ?Le3FuncTable@@3PAHA       10102420     pcodevm.obj
 0007:00000820       ?Le2FuncTable@@3PAHA       10102820     pcodevm.obj
 0007:00000c20       ?Le1FuncTable@@3PAHA       10102c20     pcodevm.obj
 0007:00001020       ?Le0FuncTable@@3PAHA       10103020     pcodevm.obj
 0007:00001420       ?StdFuncTable@@3PAHA       10103420     pcodevm.obj
 0007:00001820       ?PVM_StdFunc@@YGXXZ        10103820 f   pcodevm.obj
 0007:00001830       ?PVM_Le0Func@@YGXXZ        10103830 f   pcodevm.obj
 0007:00001840       ?PVM_Le1Func@@YGXXZ        10103840 f   pcodevm.obj
 0007:00001850       ?PVM_Le2Func@@YGXXZ        10103850 f   pcodevm.obj
 0007:00001860       ?PVM_Le3Func@@YGXXZ        10103860 f   pcodevm.obj
 0007:00001870       ?PVM_Le4Func@@YGXXZ        10103870 f   pcodevm.obj
 0007:00001880       ?PVM_UnknowFunction@@YGXXZ 10103880 f   pcodevm.obj
 0007:00001890       ?SetPCodeVMHook@@YGHXZ     10103890 f   pcodevm.obj
 0007:00001ef0       ?UnVMHook@@YGHXZ           10103ef0 f   pcodevm.obj
